1779859052.414340325 MemAvailable 45572708
1779859052.414340325 cargo 51807 VmHWM=23108 VmPeak=41876
1779859052.520263677 MemAvailable 45499992
1779859052.520263677 cargo 51807 VmHWM=80804 VmPeak=2387568
1779859052.520263677 rustc 51863 VmHWM=64176 VmPeak=909664
1779859052.520263677 rustc 51865 VmHWM=62752 VmPeak=911240
1779859052.520263677 rustc 51868 VmHWM=73416 VmPeak=889664
1779859052.520263677 rustc 51869 VmHWM=66312 VmPeak=911904
1779859052.520263677 rustc 51870 VmHWM=64768 VmPeak=906228
1779859052.520263677 rustc 51872 VmHWM=65132 VmPeak=918460
1779859052.520263677 rustc 51875 VmHWM=68304 VmPeak=919696
1779859052.520263677 rustc 51908 VmHWM=125236 VmPeak=949928
1779859052.520263677 rustc 51912 VmHWM=65728 VmPeak=927608
1779859052.520263677 rustc 51918 VmHWM=68284 VmPeak=989432
1779859052.520263677 rustc 51954 VmHWM=132292 VmPeak=931212
1779859052.520263677 rustc 52008 VmHWM=113864 VmPeak=947040
1779859052.709873353 MemAvailable 43282100
1779859052.709873353 cargo 51807 VmHWM=80932 VmPeak=2520692
1779859052.709873353 rustc 51863 VmHWM=180576 VmPeak=971264
1779859052.709873353 rustc 51865 VmHWM=167556 VmPeak=968728
1779859052.709873353 rustc 51869 VmHWM=199572 VmPeak=984652
1779859052.709873353 rustc 51872 VmHWM=189168 VmPeak=973316
1779859052.709873353 rustc 51912 VmHWM=182860 VmPeak=973316
1779859052.709873353 rustc 52008 VmHWM=177916 VmPeak=971264
1779859052.709873353 rustc 52062 VmHWM=194136 VmPeak=949928
1779859052.709873353 rustc 52196 VmHWM=186256 VmPeak=973316
1779859052.709873353 rustc 52214 VmHWM=216568 VmPeak=989292
1779859052.709873353 rustc 52240 VmHWM=184792 VmPeak=1003768
1779859052.709873353 rustc 52494 VmHWM=171316 VmPeak=962584
1779859052.709873353 rustc 52536 VmHWM=185744 VmPeak=965120
1779859052.709873353 rustc 52626 VmHWM=175408 VmPeak=971264
1779859052.709873353 rustc 52679 VmHWM=158884 VmPeak=971264
1779859052.709873353 rustc 53051 VmHWM=110448 VmPeak=942104
1779859052.709873353 rustc 53053 VmHWM=190656 VmPeak=962584
1779859052.709873353 rustc 53058 VmHWM=117884 VmPeak=948248
1779859052.709873353 clang 53304 VmHWM=3512 VmPeak=4120
1779859052.709873353 rustc 53330 VmHWM=196404 VmPeak=968384
1779859052.709873353 rustc 53601 VmHWM=183312 VmPeak=943784
1779859052.995053132 MemAvailable 43119524
1779859052.995053132 cargo 51807 VmHWM=81504 VmPeak=2791032
1779859052.995053132 rustc 52240 VmHWM=224856 VmPeak=1023236
1779859052.995053132 rustc 53843 VmHWM=192804 VmPeak=959808
1779859052.995053132 rustc 53850 VmHWM=206104 VmPeak=1010132
1779859052.995053132 rustc 53924 VmHWM=199592 VmPeak=966720
1779859052.995053132 rustc 54136 VmHWM=206044 VmPeak=966224
1779859052.995053132 rustc 54413 VmHWM=210532 VmPeak=989624
1779859052.995053132 rustc 54812 VmHWM=141400 VmPeak=972500
1779859052.995053132 rustc 55571 VmHWM=138068 VmPeak=948248
1779859052.995053132 rustc 55798 VmHWM=179604 VmPeak=962584
1779859052.995053132 rustc 55834 VmHWM=142048 VmPeak=1034488
1779859052.995053132 rustc 55859 VmHWM=194104 VmPeak=983288
1779859052.995053132 rustc 55882 VmHWM=118388 VmPeak=988840
1779859052.995053132 rustc 56050 VmHWM=172480 VmPeak=943784
1779859052.995053132 rustc 56055 VmHWM=209944 VmPeak=988388
1779859052.995053132 rustc 56172 VmHWM=186440 VmPeak=990628
1779859052.995053132 rustc 56174 VmHWM=125216 VmPeak=988840
1779859053.260552695 MemAvailable 42427608
1779859053.260552695 cargo 51807 VmHWM=81556 VmPeak=2791032
1779859053.260552695 rustc 53850 VmHWM=231588 VmPeak=1010132
1779859053.260552695 rustc 53924 VmHWM=235476 VmPeak=1031660
1779859053.260552695 rustc 54136 VmHWM=250824 VmPeak=1007624
1779859053.260552695 rustc 54812 VmHWM=209536 VmPeak=972500
1779859053.260552695 rustc 55834 VmHWM=203668 VmPeak=1034488
1779859053.260552695 rustc 55882 VmHWM=204460 VmPeak=988840
1779859053.260552695 rustc 56055 VmHWM=209960 VmPeak=992976
1779859053.260552695 rustc 56172 VmHWM=232256 VmPeak=994876
1779859053.260552695 rustc 56174 VmHWM=184648 VmPeak=988840
1779859053.260552695 rustc 56638 VmHWM=218588 VmPeak=996952
1779859053.260552695 rustc 56802 VmHWM=152916 VmPeak=1029860
1779859053.260552695 rustc 56805 VmHWM=206444 VmPeak=983288
1779859053.260552695 rustc 56940 VmHWM=202496 VmPeak=1028344
1779859053.260552695 rustc 57103 VmHWM=213220 VmPeak=990980
1779859053.260552695 rustc 57312 VmHWM=209520 VmPeak=1003768
1779859053.260552695 rustc 57314 VmHWM=165616 VmPeak=1009128
1779859053.260552695 rustc 57526 VmHWM=219512 VmPeak=997952
1779859053.260552695 rustc 57641 VmHWM=206172 VmPeak=1009912
1779859053.260552695 rustc 57805 VmHWM=192920 VmPeak=1009912
1779859053.260552695 rustc 58047 VmHWM=181108 VmPeak=971264
1779859053.260552695 rustc 58154 VmHWM=176964 VmPeak=1003768
1779859053.260552695 rustc 58211 VmHWM=156768 VmPeak=966920
1779859053.558064634 MemAvailable 41930116
1779859053.558064634 cargo 51807 VmHWM=81580 VmPeak=2791032
1779859053.558064634 rustc 53850 VmHWM=263724 VmPeak=1039556
1779859053.558064634 rustc 54136 VmHWM=273948 VmPeak=1057820
1779859053.558064634 rustc 54812 VmHWM=237160 VmPeak=996292
1779859053.558064634 rustc 55834 VmHWM=255088 VmPeak=1042920
1779859053.558064634 rustc 55882 VmHWM=266652 VmPeak=1055828
1779859053.558064634 rustc 56802 VmHWM=244316 VmPeak=1029860
1779859053.558064634 rustc 56940 VmHWM=250856 VmPeak=1036776
1779859053.558064634 rustc 57314 VmHWM=241336 VmPeak=1050088
1779859053.558064634 rustc 57641 VmHWM=238972 VmPeak=1009912
1779859053.558064634 rustc 57805 VmHWM=247756 VmPeak=1026276
1779859053.558064634 rustc 58154 VmHWM=247272 VmPeak=1019368
1779859053.558064634 rustc 58211 VmHWM=229820 VmPeak=1001224
1779859053.558064634 rustc 58567 VmHWM=209560 VmPeak=974848
1779859053.558064634 rustc 58877 VmHWM=214288 VmPeak=997616
1779859053.558064634 rustc 58994 VmHWM=209672 VmPeak=991356
1779859053.558064634 rustc 59002 VmHWM=206416 VmPeak=990536
1779859053.558064634 rustc 59012 VmHWM=206784 VmPeak=992960
1779859053.558064634 rustc 59042 VmHWM=165132 VmPeak=1036328
1779859053.558064634 rustc 59245 VmHWM=218052 VmPeak=995580
1779859053.558064634 rustc 59490 VmHWM=184736 VmPeak=983932
1779859053.558064634 rustc 59536 VmHWM=149816 VmPeak=955028
1779859053.558064634 rustc 59574 VmHWM=185012 VmPeak=967384
1779859053.558064634 rustc 59576 VmHWM=205596 VmPeak=993744
1779859053.821504527 MemAvailable 41676040
1779859053.821504527 cargo 51807 VmHWM=81608 VmPeak=2791032
1779859053.821504527 rustc 55834 VmHWM=288244 VmPeak=1065448
1779859053.821504527 rustc 56802 VmHWM=264492 VmPeak=1031636
1779859053.821504527 rustc 56940 VmHWM=277368 VmPeak=1059304
1779859053.821504527 rustc 57314 VmHWM=274180 VmPeak=1063400
1779859053.821504527 rustc 57641 VmHWM=318940 VmPeak=1094680
1779859053.821504527 rustc 58154 VmHWM=311840 VmPeak=1096168
1779859053.821504527 rustc 58211 VmHWM=268468 VmPeak=1035016
1779859053.821504527 rustc 58994 VmHWM=251760 VmPeak=1027948
1779859053.821504527 rustc 59042 VmHWM=249372 VmPeak=1038104
1779859053.821504527 rustc 59490 VmHWM=235488 VmPeak=1007564
1779859053.821504527 rustc 59574 VmHWM=236964 VmPeak=991448
1779859053.821504527 rustc 59721 VmHWM=220872 VmPeak=997748
1779859053.821504527 rustc 59927 VmHWM=211324 VmPeak=993456
1779859053.821504527 rustc 60146 VmHWM=193628 VmPeak=1005356
1779859053.821504527 rustc 60406 VmHWM=185156 VmPeak=994072
1779859053.821504527 rustc 60426 VmHWM=197788 VmPeak=988732
1779859054.038444416 MemAvailable 41503564
1779859054.038444416 cargo 51807 VmHWM=81564 VmPeak=2791032
1779859054.038444416 rustc 55834 VmHWM=331444 VmPeak=1139768
1779859054.038444416 rustc 56802 VmHWM=309328 VmPeak=1102804
1779859054.038444416 rustc 56940 VmHWM=326968 VmPeak=1087976
1779859054.038444416 rustc 57314 VmHWM=334756 VmPeak=1146344
1779859054.038444416 rustc 57641 VmHWM=368136 VmPeak=1184360
1779859054.038444416 rustc 58154 VmHWM=365148 VmPeak=1139620
1779859054.038444416 rustc 58211 VmHWM=313028 VmPeak=1094408
1779859054.038444416 rustc 59042 VmHWM=301348 VmPeak=1078040
1779859054.038444416 rustc 60146 VmHWM=245992 VmPeak=1005356
1779859054.038444416 rustc 60486 VmHWM=188104 VmPeak=949908
1779859054.038444416 rustc 60597 VmHWM=210768 VmPeak=1005732
1779859054.225611130 MemAvailable 41454248
1779859054.225611130 cargo 51807 VmHWM=81568 VmPeak=2791032
1779859054.225611130 rustc 56802 VmHWM=358728 VmPeak=1185392
1779859054.225611130 rustc 57314 VmHWM=386684 VmPeak=1199984
1779859054.225611130 rustc 58154 VmHWM=427316 VmPeak=1266696
1779859054.225611130 rustc 58211 VmHWM=408140 VmPeak=1180492
1779859054.225611130 rustc 59042 VmHWM=366184 VmPeak=1130776
1779859054.225611130 rustc 60146 VmHWM=284708 VmPeak=1053372
1779859054.225611130 rustc 60486 VmHWM=231704 VmPeak=991544
1779859054.225611130 rustc 60597 VmHWM=246856 VmPeak=1012628
1779859054.225611130 rustc 60852 VmHWM=148140 VmPeak=1017492
1779859054.225611130 rustc 60907 VmHWM=206120 VmPeak=1014568
1779859054.225611130 rustc 60956 VmHWM=210112 VmPeak=1014536
1779859054.225611130 rustc 61032 VmHWM=229332 VmPeak=1000408
1779859054.225611130 rustc 61208 VmHWM=190376 VmPeak=948308
1779859054.225611130 rustc 61267 VmHWM=118404 VmPeak=974004
1779859054.417200537 MemAvailable 41440160
1779859054.417200537 cargo 51807 VmHWM=81572 VmPeak=2791032
1779859054.417200537 rustc 57314 VmHWM=453272 VmPeak=1300436
1779859054.417200537 rustc 58211 VmHWM=474368 VmPeak=1363936
1779859054.417200537 rustc 59042 VmHWM=421328 VmPeak=1236820
1779859054.417200537 rustc 60597 VmHWM=295756 VmPeak=1084820
1779859054.417200537 rustc 60852 VmHWM=250740 VmPeak=1017492
1779859054.417200537 rustc 60907 VmHWM=244408 VmPeak=1014568
1779859054.417200537 rustc 60956 VmHWM=268720 VmPeak=1051728
1779859054.417200537 rustc 61267 VmHWM=174848 VmPeak=1037852
1779859054.417200537 rustc 61314 VmHWM=216944 VmPeak=978428
1779859054.417200537 rustc 61392 VmHWM=193908 VmPeak=989264
1779859054.417200537 rustc 61484 VmHWM=208732 VmPeak=971112
1779859054.596151662 MemAvailable 41796160
1779859054.596151662 cargo 51807 VmHWM=81720 VmPeak=2791032
1779859054.596151662 rustc 59042 VmHWM=484980 VmPeak=1368004
1779859054.596151662 rustc 60597 VmHWM=331472 VmPeak=1117012
1779859054.596151662 rustc 60852 VmHWM=313740 VmPeak=1092484
1779859054.596151662 rustc 61267 VmHWM=271656 VmPeak=1058332
1779859054.596151662 rustc 61392 VmHWM=282084 VmPeak=1033576
1779859054.596151662 rustc 61551 VmHWM=226980 VmPeak=1015976
1779859054.596151662 rustc 61596 VmHWM=216880 VmPeak=1015964
1779859054.596151662 rustc 61658 VmHWM=237944 VmPeak=999956
1779859054.748399048 MemAvailable 42214916
1779859054.748399048 cargo 51807 VmHWM=81724 VmPeak=2791032
1779859054.748399048 rustc 60852 VmHWM=369808 VmPeak=1161244
1779859054.748399048 rustc 61267 VmHWM=294736 VmPeak=1077276
1779859054.748399048 rustc 61392 VmHWM=336728 VmPeak=1129420
1779859054.748399048 rustc 61551 VmHWM=290860 VmPeak=1036696
1779859054.748399048 rustc 61596 VmHWM=301124 VmPeak=1055116
1779859054.748399048 rustc 61805 VmHWM=184928 VmPeak=964448
1779859054.748399048 rustc 61806 VmHWM=118128 VmPeak=1021692
1779859054.748399048 rustc 61809 VmHWM=121856 VmPeak=980832
1779859054.748399048 rustc 61880 VmHWM=200200 VmPeak=985452
1779859054.748399048 rustc 61915 VmHWM=202512 VmPeak=970104
1779859054.748399048 rustc 61917 VmHWM=213424 VmPeak=974776
1779859054.748399048 rustc 61923 VmHWM=207356 VmPeak=995228
1779859054.748399048 rustc 61933 VmHWM=205076 VmPeak=995200
1779859054.748399048 rustc 61949 VmHWM=213676 VmPeak=979852
1779859054.748399048 rustc 61963 VmHWM=121336 VmPeak=976444
1779859054.748399048 rustc 62183 VmHWM=197108 VmPeak=994060
1779859054.948178763 MemAvailable 42015136
1779859054.948178763 cargo 51807 VmHWM=81724 VmPeak=2791032
1779859054.948178763 rustc 61267 VmHWM=296872 VmPeak=1080348
1779859054.948178763 rustc 61551 VmHWM=348304 VmPeak=1153356
1779859054.948178763 rustc 61596 VmHWM=370972 VmPeak=1177508
1779859054.948178763 rustc 61805 VmHWM=278580 VmPeak=1065924
1779859054.948178763 rustc 61806 VmHWM=277520 VmPeak=1052940
1779859054.948178763 rustc 61809 VmHWM=226796 VmPeak=1010016
1779859054.948178763 rustc 61880 VmHWM=239156 VmPeak=1044912
1779859054.948178763 rustc 61917 VmHWM=234388 VmPeak=1039868
1779859054.948178763 rustc 61933 VmHWM=246896 VmPeak=1057264
1779859054.948178763 rustc 61949 VmHWM=274132 VmPeak=1072112
1779859054.948178763 rustc 61963 VmHWM=244732 VmPeak=1023684
1779859054.948178763 rustc 62225 VmHWM=243916 VmPeak=1029584
1779859054.948178763 clang 62492 VmHWM=3528 VmPeak=4228
1779859055.163441764 MemAvailable 42179252
1779859055.163441764 cargo 51807 VmHWM=81800 VmPeak=2791032
1779859055.163441764 rustc 61267 VmHWM=295240 VmPeak=1080348
1779859055.163441764 rustc 61805 VmHWM=277140 VmPeak=1086436
1779859055.163441764 rustc 61806 VmHWM=347068 VmPeak=1226284
1779859055.163441764 rustc 61809 VmHWM=352372 VmPeak=1129908
1779859055.163441764 rustc 61963 VmHWM=275980 VmPeak=1060080
1779859055.163441764 rustc 62225 VmHWM=288992 VmPeak=1181392
1779859055.163441764 rustc 62764 VmHWM=149168 VmPeak=1017484
1779859055.163441764 rustc 63033 VmHWM=172336 VmPeak=970116
1779859055.163441764 rustc 63036 VmHWM=237484 VmPeak=1013080
1779859055.163441764 rustc 63040 VmHWM=141160 VmPeak=1009972
1779859055.163441764 rustc 63107 VmHWM=171632 VmPeak=988596
1779859055.163441764 clang 63302 VmHWM=3532 VmPeak=4124
1779859055.329271535 MemAvailable 42396020
1779859055.329271535 cargo 51807 VmHWM=81800 VmPeak=2791032
1779859055.329271535 rustc 61267 VmHWM=373688 VmPeak=1161756
1779859055.329271535 rustc 61809 VmHWM=382528 VmPeak=1152468
1779859055.329271535 rustc 61963 VmHWM=310872 VmPeak=1170864
1779859055.329271535 rustc 62764 VmHWM=179284 VmPeak=1079708
1779859055.329271535 rustc 63036 VmHWM=315220 VmPeak=1133776
1779859055.329271535 rustc 63040 VmHWM=164020 VmPeak=1045720
1779859055.329271535 rustc 63649 VmHWM=224488 VmPeak=1004520
1779859055.329271535 clang 63829 VmHWM=3508 VmPeak=4120
1779859055.329271535 clang 63872 VmHWM=66316 VmPeak=
1779859055.489599200 MemAvailable 42373728
1779859055.489599200 cargo 51807 VmHWM=81800 VmPeak=2791032
1779859055.489599200 rustc 61267 VmHWM=427308 VmPeak=1215004
1779859055.489599200 rustc 62764 VmHWM=260200 VmPeak=1079708
1779859055.489599200 rustc 63040 VmHWM=326660 VmPeak=1114804
1779859055.489599200 rustc 64004 VmHWM=211616 VmPeak=1038880
1779859055.489599200 rustc 64007 VmHWM=263696 VmPeak=1055908
1779859055.489599200 rustc 64139 VmHWM=246084 VmPeak=1043172
1779859055.489599200 rustc 64297 VmHWM=216692 VmPeak=1007148
1779859055.489599200 clang 64354 VmHWM=3524 VmPeak=4232
1779859055.489599200 clang 64371 VmHWM=66336 VmPeak=245628
1779859055.654137376 MemAvailable 42388084
1779859055.654137376 cargo 51807 VmHWM=81800 VmPeak=2791032
1779859055.654137376 rustc 61267 VmHWM=580240 VmPeak=1392608
1779859055.654137376 rustc 62764 VmHWM=370552 VmPeak=1145576
1779859055.654137376 rustc 63040 VmHWM=391796 VmPeak=1200492
1779859055.654137376 rustc 64007 VmHWM=283428 VmPeak=1111288
1779859055.654137376 rustc 64139 VmHWM=351268 VmPeak=1162884
1779859055.654137376 rustc 64470 VmHWM=221672 VmPeak=1000156
1779859055.654137376 rustc 64586 VmHWM=131296 VmPeak=987264
1779859055.811162885 MemAvailable 42305620
1779859055.811162885 cargo 51807 VmHWM=81864 VmPeak=2791032
1779859055.811162885 rustc 61267 VmHWM=748672 VmPeak=1650912
1779859055.811162885 rustc 62764 VmHWM=457300 VmPeak=1244908
1779859055.811162885 rustc 64586 VmHWM=298520 VmPeak=1064064
1779859055.811162885 rustc 64673 VmHWM=217632 VmPeak=1071864
1779859055.811162885 rustc 64842 VmHWM=171464 VmPeak=1024648
1779859055.953114771 MemAvailable 42260164
1779859055.953114771 cargo 51807 VmHWM=81864 VmPeak=2791032
1779859055.953114771 rustc 61267 VmHWM=864144 VmPeak=1816360
1779859055.953114771 rustc 62764 VmHWM=514488 VmPeak=1304504
1779859055.953114771 rustc 64586 VmHWM=357632 VmPeak=1109632
1779859055.953114771 rustc 64673 VmHWM=299228 VmPeak=1107944
1779859055.953114771 rustc 64842 VmHWM=274420 VmPeak=1043860
1779859055.953114771 rustc 65005 VmHWM=162240 VmPeak=1012992
1779859055.953114771 rustc 65041 VmHWM=171320 VmPeak=983968
1779859056.107823569 MemAvailable 42120832
1779859056.107823569 cargo 51807 VmHWM=81864 VmPeak=2791032
1779859056.107823569 rustc 61267 VmHWM=865608 VmPeak=1940132
1779859056.107823569 rustc 64586 VmHWM=482256 VmPeak=1232032
1779859056.107823569 rustc 64673 VmHWM=377956 VmPeak=1243704
1779859056.107823569 rustc 65133 VmHWM=228016 VmPeak=1027020
1779859056.107823569 rustc 65173 VmHWM=214220 VmPeak=1039612
1779859056.263123390 MemAvailable 42263800
1779859056.263123390 cargo 51807 VmHWM=81872 VmPeak=2791032
1779859056.263123390 rustc 64586 VmHWM=543148 VmPeak=1457420
1779859056.263123390 rustc 65173 VmHWM=315472 VmPeak=1124532
1779859056.263123390 rustc 65373 VmHWM=124440 VmPeak=1147032
1779859056.374314647 MemAvailable 42877932
1779859056.374314647 cargo 51807 VmHWM=81848 VmPeak=2791032
1779859056.374314647 rustc 65373 VmHWM=155560 VmPeak=1147032
1779859056.477214924 MemAvailable 42868448
1779859056.477214924 cargo 51807 VmHWM=81848 VmPeak=2791032
1779859056.477214924 rustc 65373 VmHWM=214928 VmPeak=1200280
1779859056.580402843 MemAvailable 42863124
1779859056.580402843 cargo 51807 VmHWM=81848 VmPeak=2791032
1779859056.580402843 rustc 65373 VmHWM=243108 VmPeak=1200280
1779859056.683980054 MemAvailable 42924836
1779859056.683980054 cargo 51807 VmHWM=81848 VmPeak=2791032
1779859056.683980054 rustc 65373 VmHWM=387728 VmPeak=1265032
1779859056.789205753 MemAvailable 43027328
1779859056.789205753 cargo 51807 VmHWM=81848 VmPeak=2791032
1779859056.789205753 rustc 65373 VmHWM=431608 VmPeak=1315720
1779859056.895662437 MemAvailable 43021260
1779859056.895662437 cargo 51807 VmHWM=81848 VmPeak=2791032
1779859056.895662437 rustc 65373 VmHWM=531564 VmPeak=1447816
1779859057.014435141 MemAvailable 43106752
1779859057.014435141 cargo 51807 VmHWM=81848 VmPeak=2791032
1779859057.014435141 rustc 65373 VmHWM=640844 VmPeak=1543052
1779859057.119562470 MemAvailable 43083892
1779859057.119562470 cargo 51807 VmHWM=81848 VmPeak=2791032
1779859057.119562470 rustc 65373 VmHWM=697984 VmPeak=1648216
1779859057.119562470 rustc 65623 VmHWM=81120 VmPeak=849576
1779859057.226530937 MemAvailable 43095644
1779859057.226530937 cargo 51807 VmHWM=81848 VmPeak=2791032
1779859057.226530937 rustc 65623 VmHWM=184428 VmPeak=1317772
1779859057.333804745 MemAvailable 43292404
1779859057.333804745 cargo 51807 VmHWM=81848 VmPeak=2791032
1779859057.333804745 rustc 65623 VmHWM=230804 VmPeak=1317772
1779859057.439613387 MemAvailable 43417568
1779859057.439613387 cargo 51807 VmHWM=81848 VmPeak=2791032
1779859057.439613387 rustc 65623 VmHWM=356120 VmPeak=1388296
1779859057.545935411 MemAvailable 43500116
1779859057.545935411 cargo 51807 VmHWM=81848 VmPeak=2791032
1779859057.545935411 rustc 65623 VmHWM=521100 VmPeak=1525000
1779859057.652609936 MemAvailable 43609736
1779859057.652609936 cargo 51807 VmHWM=81848 VmPeak=2791032
1779859057.652609936 rustc 65623 VmHWM=585284 VmPeak=1599240
1779859057.761391642 MemAvailable 43688368
1779859057.761391642 cargo 51807 VmHWM=81848 VmPeak=2791032
1779859057.761391642 rustc 65623 VmHWM=624960 VmPeak=1639176
1779859057.868220898 MemAvailable 43642312
1779859057.868220898 cargo 51807 VmHWM=81848 VmPeak=2791032
1779859057.868220898 rustc 65623 VmHWM=653548 VmPeak=1675016
1779859057.975684408 MemAvailable 43696640
1779859057.975684408 cargo 51807 VmHWM=81848 VmPeak=2791032
1779859057.975684408 rustc 65623 VmHWM=672656 VmPeak=1693960
1779859058.082366904 MemAvailable 43685992
1779859058.082366904 cargo 51807 VmHWM=81848 VmPeak=2791032
1779859058.082366904 rustc 65623 VmHWM=688608 VmPeak=1708296
1779859058.189186420 MemAvailable 43603868
1779859058.189186420 cargo 51807 VmHWM=81848 VmPeak=2791032
1779859058.189186420 rustc 65623 VmHWM=739700 VmPeak=1759496
1779859058.296751190 MemAvailable 43597240
1779859058.296751190 cargo 51807 VmHWM=81848 VmPeak=2791032
1779859058.296751190 rustc 65623 VmHWM=750992 VmPeak=1767688
1779859058.403721597 MemAvailable 43579864
1779859058.403721597 cargo 51807 VmHWM=81848 VmPeak=2791032
1779859058.403721597 rustc 65623 VmHWM=810984 VmPeak=1849096
1779859058.513414517 MemAvailable 43530900
1779859058.513414517 cargo 51807 VmHWM=81848 VmPeak=2791032
1779859058.513414517 rustc 65623 VmHWM=855532 VmPeak=1906440
1779859058.619133508 MemAvailable 43537784
1779859058.619133508 cargo 51807 VmHWM=81848 VmPeak=2791032
1779859058.619133508 rustc 65623 VmHWM=895352 VmPeak=1947400
1779859058.724847639 MemAvailable 43538336
1779859058.724847639 cargo 51807 VmHWM=81848 VmPeak=2791032
1779859058.724847639 rustc 65623 VmHWM=921020 VmPeak=1977096
1779859058.830446020 MemAvailable 43533320
1779859058.830446020 cargo 51807 VmHWM=81848 VmPeak=2791032
1779859058.830446020 rustc 65623 VmHWM=932060 VmPeak=1984264
1779859058.936958245 MemAvailable 43526908
1779859058.936958245 cargo 51807 VmHWM=81848 VmPeak=2791032
1779859058.936958245 rustc 65623 VmHWM=969744 VmPeak=2148312
1779859059.042730356 MemAvailable 43474116
1779859059.042730356 cargo 51807 VmHWM=81848 VmPeak=2791032
1779859059.042730356 rustc 65623 VmHWM=1020092 VmPeak=2347680
1779859059.156520506 MemAvailable 43444240
1779859059.156520506 cargo 51807 VmHWM=81848 VmPeak=2791032
1779859059.156520506 rustc 65623 VmHWM=1074408 VmPeak=2514764
1779859059.261337863 MemAvailable 43436572
1779859059.261337863 cargo 51807 VmHWM=81848 VmPeak=2791032
1779859059.261337863 rustc 65623 VmHWM=1123680 VmPeak=2672732
1779859059.369227234 MemAvailable 43401020
1779859059.369227234 cargo 51807 VmHWM=81848 VmPeak=2791032
1779859059.369227234 rustc 65623 VmHWM=1130156 VmPeak=2820404
1779859059.475297107 MemAvailable 43397076
1779859059.475297107 cargo 51807 VmHWM=81848 VmPeak=2791032
1779859059.475297107 rustc 65623 VmHWM=1130156 VmPeak=2820404
1779859059.583201029 MemAvailable 43706868
1779859059.583201029 cargo 51807 VmHWM=81848 VmPeak=2791032
1779859059.583201029 rustc 66345 VmHWM=246064 VmPeak=1661516
1779859059.693146000 MemAvailable 44003748
1779859059.693146000 cargo 51807 VmHWM=81848 VmPeak=2791032
1779859059.693146000 rustc 66345 VmHWM=246064 VmPeak=1661516
1779859059.693146000 clang 66399 VmHWM=3740 VmPeak=4396
1779859059.693146000 clang 66414 VmHWM=66456 VmPeak=245732
1779859059.841589378 MemAvailable 44534596
