1779859551.260579514 MemAvailable 47952268
1779859551.260579514 cargo 142869 VmHWM=22732 VmPeak=41876
1779859551.367894243 MemAvailable 47902412
1779859551.367894243 cargo 142869 VmHWM=79852 VmPeak=2453076
1779859551.367894243 rustc 142929 VmHWM=121812 VmPeak=931212
1779859551.367894243 rustc 142931 VmHWM=141872 VmPeak=947040
1779859551.367894243 rustc 142932 VmHWM=147352 VmPeak=947688
1779859551.367894243 rustc 142934 VmHWM=147656 VmPeak=947688
1779859551.367894243 rustc 142936 VmHWM=151440 VmPeak=952920
1779859551.367894243 rustc 142937 VmHWM=159548 VmPeak=947688
1779859551.367894243 rustc 142941 VmHWM=116016 VmPeak=949928
1779859551.367894243 rustc 142972 VmHWM=166380 VmPeak=983288
1779859551.367894243 rustc 143018 VmHWM=181240 VmPeak=968924
1779859551.367894243 rustc 143045 VmHWM=177980 VmPeak=966168
1779859551.367894243 rustc 143080 VmHWM=164416 VmPeak=949928
1779859551.578039489 MemAvailable 45932252
1779859551.578039489 cargo 142869 VmHWM=80032 VmPeak=2455140
1779859551.578039489 rustc 142931 VmHWM=170508 VmPeak=971264
1779859551.578039489 rustc 142932 VmHWM=182836 VmPeak=968728
1779859551.578039489 rustc 142937 VmHWM=191860 VmPeak=970780
1779859551.578039489 rustc 142941 VmHWM=183288 VmPeak=949928
1779859551.578039489 rustc 143045 VmHWM=184280 VmPeak=970780
1779859551.578039489 rustc 143193 VmHWM=180388 VmPeak=968728
1779859551.578039489 rustc 143242 VmHWM=188608 VmPeak=973316
1779859551.578039489 rustc 143310 VmHWM=192172 VmPeak=1009912
1779859551.578039489 rustc 143394 VmHWM=177860 VmPeak=971264
1779859551.578039489 rustc 143522 VmHWM=186052 VmPeak=957440
1779859551.578039489 rustc 143595 VmHWM=173604 VmPeak=971264
1779859551.578039489 rustc 143625 VmHWM=191508 VmPeak=973316
1779859551.578039489 rustc 143837 VmHWM=196244 VmPeak=974528
1779859551.578039489 rustc 143862 VmHWM=188716 VmPeak=968728
1779859551.578039489 rustc 144094 VmHWM=161144 VmPeak=965120
1779859551.578039489 rustc 144260 VmHWM=171664 VmPeak=962584
1779859551.578039489 rustc 144451 VmHWM=111304 VmPeak=
1779859551.578039489 rustc 144583 VmHWM=203040 VmPeak=985736
1779859551.578039489 rustc 144594 VmHWM=191936 VmPeak=1010132
1779859551.578039489 rustc 144810 VmHWM=187256 VmPeak=972368
1779859551.578039489 rustc 144908 VmHWM=179924 VmPeak=971264
1779859551.578039489 rustc 144953 VmHWM=181784 VmPeak=965120
1779859551.843931464 MemAvailable 46279716
1779859551.843931464 cargo 142869 VmHWM=80308 VmPeak=2588252
1779859551.843931464 rustc 143310 VmHWM=227740 VmPeak=1028360
1779859551.843931464 rustc 144594 VmHWM=212740 VmPeak=1010132
1779859551.843931464 rustc 144810 VmHWM=212956 VmPeak=972368
1779859551.843931464 rustc 145122 VmHWM=226220 VmPeak=1022952
1779859551.843931464 rustc 145124 VmHWM=227360 VmPeak=996120
1779859551.843931464 rustc 145265 VmHWM=133608 VmPeak=972500
1779859551.843931464 rustc 146508 VmHWM=182708 VmPeak=959808
1779859551.843931464 rustc 146701 VmHWM=188852 VmPeak=990628
1779859551.843931464 rustc 146940 VmHWM=138100 VmPeak=948248
1779859551.843931464 rustc 147128 VmHWM=142092 VmPeak=1034488
1779859551.843931464 rustc 147185 VmHWM=124088 VmPeak=988840
1779859551.843931464 rustc 147194 VmHWM=210520 VmPeak=994532
1779859551.843931464 rustc 147323 VmHWM=181968 VmPeak=989432
1779859551.843931464 rustc 147447 VmHWM=118368 VmPeak=988840
1779859551.843931464 rustc 147847 VmHWM=179864 VmPeak=984484
1779859551.843931464 rustc 147857 VmHWM=130844 VmPeak=1036004
1779859551.843931464 rustc 147946 VmHWM=179444 VmPeak=971264
1779859551.843931464 rustc 147985 VmHWM=184548 VmPeak=983288
1779859551.843931464 rustc 147989 VmHWM=142264 VmPeak=1034488
1779859551.843931464 rustc 148113 VmHWM=169972 VmPeak=948288
1779859552.103226868 MemAvailable 45169544
1779859552.103226868 cargo 142869 VmHWM=80348 VmPeak=2588252
1779859552.103226868 rustc 144594 VmHWM=241672 VmPeak=1033924
1779859552.103226868 rustc 144810 VmHWM=273232 VmPeak=1058328
1779859552.103226868 rustc 145265 VmHWM=210108 VmPeak=972500
1779859552.103226868 rustc 146508 VmHWM=209740 VmPeak=971312
1779859552.103226868 rustc 147128 VmHWM=219080 VmPeak=1034488
1779859552.103226868 rustc 147185 VmHWM=183752 VmPeak=988840
1779859552.103226868 rustc 147194 VmHWM=210168 VmPeak=999120
1779859552.103226868 rustc 147447 VmHWM=207224 VmPeak=988840
1779859552.103226868 rustc 147847 VmHWM=232492 VmPeak=988732
1779859552.103226868 rustc 147857 VmHWM=158112 VmPeak=1036004
1779859552.103226868 rustc 147985 VmHWM=232776 VmPeak=1022824
1779859552.103226868 rustc 147989 VmHWM=215824 VmPeak=1034488
1779859552.103226868 rustc 148436 VmHWM=166084 VmPeak=1015272
1779859552.103226868 rustc 148664 VmHWM=216740 VmPeak=1020676
1779859552.103226868 rustc 148711 VmHWM=206176 VmPeak=1003768
1779859552.103226868 rustc 148751 VmHWM=218608 VmPeak=1003768
1779859552.103226868 rustc 149155 VmHWM=217192 VmPeak=1003768
1779859552.103226868 rustc 149363 VmHWM=187068 VmPeak=966144
1779859552.103226868 rustc 149471 VmHWM=213284 VmPeak=989420
1779859552.103226868 rustc 149584 VmHWM=159728 VmPeak=966920
1779859552.367937467 MemAvailable 44631360
1779859552.367937467 cargo 142869 VmHWM=80352 VmPeak=2588252
1779859552.367937467 rustc 144594 VmHWM=277748 VmPeak=1077444
1779859552.367937467 rustc 147128 VmHWM=269180 VmPeak=1055208
1779859552.367937467 rustc 147447 VmHWM=263980 VmPeak=1058388
1779859552.367937467 rustc 147857 VmHWM=254812 VmPeak=1045972
1779859552.367937467 rustc 147989 VmHWM=252964 VmPeak=1047016
1779859552.367937467 rustc 148436 VmHWM=245016 VmPeak=1048040
1779859552.367937467 rustc 148711 VmHWM=241660 VmPeak=1012436
1779859552.367937467 rustc 149155 VmHWM=277692 VmPeak=1073640
1779859552.367937467 rustc 149471 VmHWM=213616 VmPeak=994008
1779859552.367937467 rustc 149584 VmHWM=228744 VmPeak=1010952
1779859552.367937467 rustc 149890 VmHWM=221068 VmPeak=991356
1779859552.367937467 rustc 149982 VmHWM=208004 VmPeak=992960
1779859552.367937467 rustc 150281 VmHWM=225772 VmPeak=1003468
1779859552.367937467 rustc 150513 VmHWM=224848 VmPeak=984760
1779859552.367937467 rustc 150576 VmHWM=154576 VmPeak=1036328
1779859552.367937467 rustc 150683 VmHWM=140332 VmPeak=955028
1779859552.591063236 MemAvailable 44762836
1779859552.591063236 cargo 142869 VmHWM=80388 VmPeak=2588252
1779859552.591063236 rustc 147128 VmHWM=321820 VmPeak=1103848
1779859552.591063236 rustc 147857 VmHWM=293520 VmPeak=1073108
1779859552.591063236 rustc 147989 VmHWM=264328 VmPeak=1052136
1779859552.591063236 rustc 148436 VmHWM=306872 VmPeak=1130984
1779859552.591063236 rustc 148711 VmHWM=280772 VmPeak=1048072
1779859552.591063236 rustc 149155 VmHWM=322164 VmPeak=1106408
1779859552.591063236 rustc 149584 VmHWM=269752 VmPeak=1040136
1779859552.591063236 rustc 149890 VmHWM=267816 VmPeak=1048460
1779859552.591063236 rustc 150576 VmHWM=232060 VmPeak=1038104
1779859552.591063236 rustc 150773 VmHWM=214952 VmPeak=1005356
1779859552.591063236 rustc 150916 VmHWM=222824 VmPeak=1002360
1779859552.591063236 rustc 151068 VmHWM=226400 VmPeak=1001108
1779859552.591063236 rustc 151157 VmHWM=219836 VmPeak=956632
1779859552.591063236 rustc 151464 VmHWM=209584 VmPeak=987928
1779859552.796311038 MemAvailable 44931140
1779859552.796311038 cargo 142869 VmHWM=80460 VmPeak=2588252
1779859552.796311038 rustc 147857 VmHWM=348212 VmPeak=1180792
1779859552.796311038 rustc 147989 VmHWM=321220 VmPeak=1090536
1779859552.796311038 rustc 148436 VmHWM=361892 VmPeak=1176552
1779859552.796311038 rustc 149155 VmHWM=385212 VmPeak=1185240
1779859552.796311038 rustc 149584 VmHWM=319216 VmPeak=1074440
1779859552.796311038 rustc 150576 VmHWM=282508 VmPeak=1066776
1779859552.796311038 rustc 150773 VmHWM=264256 VmPeak=1015324
1779859552.796311038 rustc 151623 VmHWM=184228 VmPeak=956052
1779859552.796311038 rustc 151772 VmHWM=181948 VmPeak=1014568
1779859552.796311038 rustc 151777 VmHWM=138036 VmPeak=1005732
1779859552.796311038 rustc 151859 VmHWM=199328 VmPeak=
1779859552.796311038 rustc 151984 VmHWM=125476 VmPeak=1017492
1779859552.796311038 rustc 152021 VmHWM=200496 VmPeak=970924
1779859552.989218710 MemAvailable 45197504
1779859552.989218710 cargo 142869 VmHWM=80464 VmPeak=2588252
1779859552.989218710 rustc 149584 VmHWM=395664 VmPeak=1250300
1779859552.989218710 rustc 150576 VmHWM=359656 VmPeak=1146136
1779859552.989218710 rustc 151772 VmHWM=237512 VmPeak=1014568
1779859552.989218710 rustc 151777 VmHWM=253792 VmPeak=1012116
1779859552.989218710 rustc 151984 VmHWM=224788 VmPeak=1017492
1779859552.989218710 rustc 152171 VmHWM=208660 VmPeak=989264
1779859552.989218710 rustc 152229 VmHWM=179192 VmPeak=1037852
1779859552.989218710 rustc 152239 VmHWM=219592 VmPeak=1014536
1779859552.989218710 rustc 152415 VmHWM=178808 VmPeak=951656
1779859553.183021387 MemAvailable 45382252
1779859553.183021387 cargo 142869 VmHWM=80600 VmPeak=2588252
1779859553.183021387 rustc 150576 VmHWM=409128 VmPeak=1198932
1779859553.183021387 rustc 151777 VmHWM=311480 VmPeak=1070484
1779859553.183021387 rustc 151984 VmHWM=312564 VmPeak=1092996
1779859553.183021387 rustc 152171 VmHWM=281048 VmPeak=1098204
1779859553.183021387 rustc 152229 VmHWM=274448 VmPeak=1063452
1779859553.183021387 rustc 152482 VmHWM=203924 VmPeak=984572
1779859553.331479205 MemAvailable 45446216
1779859553.331479205 cargo 142869 VmHWM=80616 VmPeak=2588252
1779859553.331479205 rustc 150576 VmHWM=483244 VmPeak=1372744
1779859553.331479205 rustc 151984 VmHWM=377296 VmPeak=1158688
1779859553.331479205 rustc 152229 VmHWM=303884 VmPeak=1089564
1779859553.331479205 rustc 152604 VmHWM=204932 VmPeak=1015976
1779859553.331479205 rustc 152606 VmHWM=269492 VmPeak=1105572
1779859553.331479205 rustc 152608 VmHWM=130556 VmPeak=1015964
1779859553.475028199 MemAvailable 45420564
1779859553.475028199 cargo 142869 VmHWM=80636 VmPeak=2588252
1779859553.475028199 rustc 152229 VmHWM=305092 VmPeak=1089564
1779859553.475028199 rustc 152604 VmHWM=317828 VmPeak=1050520
1779859553.475028199 rustc 152608 VmHWM=277020 VmPeak=1039756
1779859553.475028199 rustc 152764 VmHWM=221808 VmPeak=1000204
1779859553.475028199 rustc 152853 VmHWM=188956 VmPeak=972104
1779859553.475028199 rustc 152876 VmHWM=145556 VmPeak=1027812
1779859553.475028199 rustc 152894 VmHWM=202828 VmPeak=973152
1779859553.475028199 rustc 152896 VmHWM=210016 VmPeak=978108
1779859553.475028199 rustc 152898 VmHWM=121436 VmPeak=986952
1779859553.475028199 rustc 152911 VmHWM=216472 VmPeak=994644
1779859553.475028199 rustc 152928 VmHWM=216504 VmPeak=981876
1779859553.475028199 rustc 152937 VmHWM=208336 VmPeak=1004944
1779859553.475028199 rustc 152939 VmHWM=120488 VmPeak=982564
1779859553.475028199 rustc 152944 VmHWM=212592 VmPeak=977768
1779859553.475028199 rustc 153214 VmHWM=241700 VmPeak=1023412
1779859553.666113623 MemAvailable 45207176
1779859553.666113623 cargo 142869 VmHWM=80668 VmPeak=2588252
1779859553.666113623 rustc 152229 VmHWM=307184 VmPeak=1092636
1779859553.666113623 rustc 152608 VmHWM=381668 VmPeak=1205220
1779859553.666113623 rustc 152853 VmHWM=295280 VmPeak=1080300
1779859553.666113623 rustc 152876 VmHWM=305424 VmPeak=1081076
1779859553.666113623 rustc 152894 VmHWM=227456 VmPeak=1058768
1779859553.666113623 rustc 152896 VmHWM=232928 VmPeak=
1779859553.666113623 rustc 152898 VmHWM=274972 VmPeak=1050952
1779859553.666113623 rustc 152911 VmHWM=247568 VmPeak=1050564
1779859553.666113623 rustc 152928 VmHWM=280348 VmPeak=1094648
1779859553.666113623 rustc 152939 VmHWM=308592 VmPeak=1079000
1779859553.666113623 rustc 152944 VmHWM=254460 VmPeak=1083880
1779859553.666113623 rustc 153214 VmHWM=306112 VmPeak=1116264
1779859553.666113623 clang 153478 VmHWM=3536 VmPeak=
1779859553.877513064 MemAvailable 45278160
1779859553.877513064 cargo 142869 VmHWM=80680 VmPeak=2588252
1779859553.877513064 rustc 152229 VmHWM=352760 VmPeak=1138204
1779859553.877513064 rustc 152876 VmHWM=367976 VmPeak=1239572
1779859553.877513064 rustc 152898 VmHWM=364960 VmPeak=1152924
1779859553.877513064 rustc 152939 VmHWM=342468 VmPeak=1183640
1779859553.877513064 rustc 153845 VmHWM=162520 VmPeak=1006652
1779859553.877513064 rustc 154013 VmHWM=229852 VmPeak=1004112
1779859553.877513064 rustc 154115 VmHWM=172516 VmPeak=987716
1779859553.877513064 rustc 154176 VmHWM=141512 VmPeak=1041036
1779859553.877513064 clang 154479 VmHWM=3524 VmPeak=4228
1779859553.877513064 clang 154533 VmHWM=66428 VmPeak=245628
1779859553.877513064 clang 154538 VmHWM=3544 VmPeak=4120
1779859554.061212552 MemAvailable 45390512
1779859554.061212552 cargo 142869 VmHWM=80680 VmPeak=2588252
1779859554.061212552 rustc 152229 VmHWM=427656 VmPeak=1213980
1779859554.061212552 rustc 152898 VmHWM=427696 VmPeak=1317052
1779859554.061212552 rustc 153845 VmHWM=189800 VmPeak=1068876
1779859554.061212552 rustc 154176 VmHWM=159132 VmPeak=1041036
1779859554.061212552 rustc 154731 VmHWM=215496 VmPeak=1017452
1779859554.061212552 rustc 155063 VmHWM=188736 VmPeak=995060
1779859554.061212552 rustc 155158 VmHWM=232240 VmPeak=996828
1779859554.061212552 rustc 155196 VmHWM=125392 VmPeak=1029120
1779859554.061212552 clang 155244 VmHWM=3536 VmPeak=4232
1779859554.198538166 MemAvailable 45433044
1779859554.198538166 cargo 142869 VmHWM=80680 VmPeak=2588252
1779859554.198538166 rustc 152229 VmHWM=488260 VmPeak=1288160
1779859554.198538166 rustc 153845 VmHWM=330324 VmPeak=1110680
1779859554.198538166 rustc 154176 VmHWM=278244 VmPeak=1049704
1779859554.198538166 rustc 155063 VmHWM=283752 VmPeak=1123728
1779859554.198538166 rustc 155196 VmHWM=303916 VmPeak=1038576
1779859554.198538166 rustc 155458 VmHWM=186032 VmPeak=965424
1779859554.341340907 MemAvailable 45323188
1779859554.341340907 cargo 142869 VmHWM=80688 VmPeak=2588252
1779859554.341340907 rustc 152229 VmHWM=660436 VmPeak=1567968
1779859554.341340907 rustc 153845 VmHWM=427440 VmPeak=1206424
1779859554.341340907 rustc 154176 VmHWM=334964 VmPeak=1097832
1779859554.341340907 rustc 155503 VmHWM=215100 VmPeak=994944
1779859554.341340907 rustc 155586 VmHWM=139056 VmPeak=1054164
1779859554.341340907 rustc 155718 VmHWM=120180 VmPeak=1026100
1779859554.494199575 MemAvailable 45347784
1779859554.494199575 cargo 142869 VmHWM=80688 VmPeak=2588252
1779859554.494199575 rustc 152229 VmHWM=660012 VmPeak=1605284
1779859554.494199575 rustc 153845 VmHWM=460544 VmPeak=1247896
1779859554.494199575 rustc 154176 VmHWM=377420 VmPeak=1176368
1779859554.494199575 rustc 155503 VmHWM=332704 VmPeak=1077376
1779859554.494199575 rustc 155586 VmHWM=307680 VmPeak=1095876
1779859554.494199575 rustc 155718 VmHWM=291156 VmPeak=1054528
1779859554.634668934 MemAvailable 45551216
1779859554.634668934 cargo 142869 VmHWM=80952 VmPeak=2588252
1779859554.634668934 rustc 155503 VmHWM=409224 VmPeak=1158816
1779859554.634668934 rustc 155912 VmHWM=235300 VmPeak=1002160
1779859554.634668934 rustc 155913 VmHWM=232344 VmPeak=1014780
1779859554.634668934 rustc 155989 VmHWM=212900 VmPeak=1025544
1779859554.634668934 rustc 156134 VmHWM=207312 VmPeak=1042772
1779859554.634668934 rustc 156175 VmHWM=203600 VmPeak=1022332
1779859554.779532815 MemAvailable 46151640
1779859554.779532815 cargo 142869 VmHWM=80892 VmPeak=2588252
1779859554.779532815 rustc 156356 VmHWM=129932 VmPeak=1098280
1779859554.883304676 MemAvailable 46203716
1779859554.883304676 cargo 142869 VmHWM=80892 VmPeak=2588252
1779859554.883304676 rustc 156356 VmHWM=161936 VmPeak=1098280
1779859554.987005078 MemAvailable 46153148
1779859554.987005078 cargo 142869 VmHWM=80892 VmPeak=2588252
1779859554.987005078 rustc 156356 VmHWM=216824 VmPeak=1151528
1779859555.090814329 MemAvailable 46124112
1779859555.090814329 cargo 142869 VmHWM=80892 VmPeak=2588252
1779859555.090814329 rustc 156356 VmHWM=244592 VmPeak=1151528
1779859555.194796822 MemAvailable 46124160
1779859555.194796822 cargo 142869 VmHWM=80892 VmPeak=2588252
1779859555.194796822 rustc 156356 VmHWM=390804 VmPeak=1232664
1779859555.300637674 MemAvailable 46124176
1779859555.300637674 cargo 142869 VmHWM=80892 VmPeak=2588252
1779859555.300637674 rustc 156356 VmHWM=432400 VmPeak=1283352
1779859555.406005063 MemAvailable 46123176
1779859555.406005063 cargo 142869 VmHWM=80892 VmPeak=2588252
1779859555.406005063 rustc 156356 VmHWM=537280 VmPeak=1401624
1779859555.519877913 MemAvailable 46082624
1779859555.519877913 cargo 142869 VmHWM=80892 VmPeak=2588252
1779859555.519877913 rustc 156356 VmHWM=644056 VmPeak=1495832
1779859555.625675655 MemAvailable 46094892
1779859555.625675655 cargo 142869 VmHWM=80892 VmPeak=2588252
1779859555.625675655 rustc 156516 VmHWM=154312 VmPeak=1155848
1779859555.735572406 MemAvailable 46287748
1779859555.735572406 cargo 142869 VmHWM=80892 VmPeak=2588252
1779859555.735572406 rustc 156516 VmHWM=191932 VmPeak=1241840
1779859555.839034866 MemAvailable 46244828
1779859555.839034866 cargo 142869 VmHWM=80892 VmPeak=2588252
1779859555.839034866 rustc 156516 VmHWM=247960 VmPeak=1241840
1779859555.943161540 MemAvailable 46244080
1779859555.943161540 cargo 142869 VmHWM=80892 VmPeak=2588252
1779859555.943161540 rustc 156516 VmHWM=423592 VmPeak=1358444
1779859556.050341868 MemAvailable 46243396
1779859556.050341868 cargo 142869 VmHWM=80892 VmPeak=2588252
1779859556.050341868 rustc 156516 VmHWM=481036 VmPeak=1414252
1779859556.155164294 MemAvailable 46212144
1779859556.155164294 cargo 142869 VmHWM=80892 VmPeak=2588252
1779859556.155164294 rustc 156516 VmHWM=564988 VmPeak=1501292
1779859556.262714244 MemAvailable 46205448
1779859556.262714244 cargo 142869 VmHWM=80892 VmPeak=2588252
1779859556.262714244 rustc 156516 VmHWM=616540 VmPeak=1558124
1779859556.368541516 MemAvailable 46201968
1779859556.368541516 cargo 142869 VmHWM=80892 VmPeak=2588252
1779859556.368541516 rustc 156516 VmHWM=633544 VmPeak=1569388
1779859556.473155432 MemAvailable 46201520
1779859556.473155432 cargo 142869 VmHWM=80892 VmPeak=2588252
1779859556.473155432 rustc 156516 VmHWM=657908 VmPeak=1592940
1779859556.578506261 MemAvailable 46200864
1779859556.578506261 cargo 142869 VmHWM=80892 VmPeak=2588252
1779859556.578506261 rustc 156516 VmHWM=679096 VmPeak=1627244
1779859556.682834355 MemAvailable 46244700
1779859556.682834355 cargo 142869 VmHWM=80892 VmPeak=2588252
1779859556.682834355 rustc 156516 VmHWM=692596 VmPeak=1642604
1779859556.788337825 MemAvailable 46244496
1779859556.788337825 cargo 142869 VmHWM=80892 VmPeak=2588252
1779859556.788337825 rustc 156516 VmHWM=718676 VmPeak=1671788
1779859556.893531884 MemAvailable 46242416
1779859556.893531884 cargo 142869 VmHWM=80892 VmPeak=2588252
1779859556.893531884 rustc 156516 VmHWM=747224 VmPeak=1686124
1779859556.998785802 MemAvailable 46235544
1779859556.998785802 cargo 142869 VmHWM=80892 VmPeak=2588252
1779859556.998785802 rustc 156516 VmHWM=756224 VmPeak=1700460
1779859557.103675739 MemAvailable 46240008
1779859557.103675739 cargo 142869 VmHWM=80892 VmPeak=2588252
1779859557.103675739 rustc 156516 VmHWM=763468 VmPeak=1707628
1779859557.209929833 MemAvailable 46232168
1779859557.209929833 cargo 142869 VmHWM=80892 VmPeak=2588252
1779859557.209929833 rustc 156516 VmHWM=816892 VmPeak=1772652
1779859557.314949711 MemAvailable 46207460
1779859557.314949711 cargo 142869 VmHWM=80892 VmPeak=2588252
1779859557.314949711 rustc 156516 VmHWM=839848 VmPeak=1798252
1779859557.419866468 MemAvailable 46210432
1779859557.419866468 cargo 142869 VmHWM=80892 VmPeak=2588252
1779859557.419866468 rustc 156516 VmHWM=875012 VmPeak=1841260
1779859557.524408383 MemAvailable 46189620
1779859557.524408383 cargo 142869 VmHWM=80892 VmPeak=2588252
1779859557.524408383 rustc 156516 VmHWM=899444 VmPeak=1857644
1779859557.627235560 MemAvailable 46199020
1779859557.627235560 cargo 142869 VmHWM=80892 VmPeak=2588252
1779859557.627235560 rustc 156516 VmHWM=916356 VmPeak=1886316
1779859557.731270763 MemAvailable 46211172
1779859557.731270763 cargo 142869 VmHWM=80892 VmPeak=2588252
1779859557.731270763 rustc 156516 VmHWM=932516 VmPeak=1919084
1779859557.834918874 MemAvailable 46226412
1779859557.834918874 cargo 142869 VmHWM=80892 VmPeak=2588252
1779859557.834918874 rustc 156516 VmHWM=976476 VmPeak=2143148
1779859557.940572445 MemAvailable 46200100
1779859557.940572445 cargo 142869 VmHWM=80892 VmPeak=2588252
1779859557.940572445 rustc 156516 VmHWM=1081084 VmPeak=2394832
1779859558.046381676 MemAvailable 46195588
1779859558.046381676 cargo 142869 VmHWM=80892 VmPeak=2588252
1779859558.046381676 rustc 156516 VmHWM=1118628 VmPeak=2711696
1779859558.151761666 MemAvailable 46166132
1779859558.151761666 cargo 142869 VmHWM=80892 VmPeak=2588252
1779859558.151761666 rustc 156516 VmHWM=1133256 VmPeak=2751628
1779859558.254980175 MemAvailable 46954336
1779859558.254980175 cargo 142869 VmHWM=80892 VmPeak=2588252
1779859558.254980175 rustc 157184 VmHWM=184196 VmPeak=1332140
1779859558.358352474 MemAvailable 46892560
1779859558.358352474 cargo 142869 VmHWM=80892 VmPeak=2588252
1779859558.358352474 rustc 157184 VmHWM=247872 VmPeak=1413352
1779859558.358352474 clang 157247 VmHWM=3652 VmPeak=4396
1779859558.358352474 clang 157253 VmHWM=66596 VmPeak=245732
1779859558.471618612 MemAvailable 47099848
