1779859080.145546345 MemAvailable 44460316
1779859080.145546345 cargo 83641 VmHWM=23036 VmPeak=41876
1779859080.251989580 MemAvailable 44169620
1779859080.251989580 cargo 83641 VmHWM=80420 VmPeak=2520656
1779859080.251989580 rustc 83697 VmHWM=182880 VmPeak=968728
1779859080.251989580 rustc 83701 VmHWM=183464 VmPeak=960008
1779859080.251989580 rustc 83704 VmHWM=163344 VmPeak=989432
1779859080.251989580 rustc 83706 VmHWM=189092 VmPeak=960076
1779859080.251989580 rustc 83708 VmHWM=171984 VmPeak=962584
1779859080.251989580 rustc 83728 VmHWM=181344 VmPeak=971264
1779859080.251989580 rustc 83789 VmHWM=187248 VmPeak=968728
1779859080.251989580 rustc 83899 VmHWM=161112 VmPeak=943784
1779859080.251989580 rustc 84057 VmHWM=188892 VmPeak=967172
1779859080.251989580 rustc 84064 VmHWM=178312 VmPeak=1009912
1779859080.251989580 rustc 84182 VmHWM=157728 VmPeak=952920
1779859080.251989580 rustc 84244 VmHWM=214784 VmPeak=987240
1779859080.251989580 rustc 84251 VmHWM=177684 VmPeak=971264
1779859080.251989580 rustc 84285 VmHWM=188644 VmPeak=971264
1779859080.251989580 rustc 84333 VmHWM=111308 VmPeak=948248
1779859080.251989580 rustc 84448 VmHWM=174456 VmPeak=968728
1779859080.251989580 rustc 84513 VmHWM=162320 VmPeak=971264
1779859080.564534541 MemAvailable 42664700
1779859080.564534541 cargo 83641 VmHWM=80612 VmPeak=2520656
1779859080.564534541 rustc 84064 VmHWM=226672 VmPeak=1023236
1779859080.564534541 rustc 85031 VmHWM=192400 VmPeak=970780
1779859080.564534541 rustc 85098 VmHWM=196412 VmPeak=972476
1779859080.564534541 rustc 85361 VmHWM=195076 VmPeak=1010132
1779859080.564534541 rustc 85547 VmHWM=188404 VmPeak=963384
1779859080.564534541 rustc 85649 VmHWM=197272 VmPeak=966224
1779859080.564534541 rustc 85955 VmHWM=179380 VmPeak=965120
1779859080.564534541 rustc 85974 VmHWM=181408 VmPeak=971264
1779859080.564534541 rustc 86190 VmHWM=188376 VmPeak=966720
1779859080.564534541 rustc 86212 VmHWM=191432 VmPeak=983480
1779859080.564534541 rustc 86427 VmHWM=118504 VmPeak=948248
1779859080.564534541 rustc 86613 VmHWM=190660 VmPeak=989432
1779859080.564534541 rustc 86898 VmHWM=182904 VmPeak=953664
1779859080.564534541 rustc 86985 VmHWM=124936 VmPeak=948972
1779859080.564534541 rustc 87042 VmHWM=117672 VmPeak=972500
1779859080.564534541 rustc 87057 VmHWM=145088 VmPeak=1028344
1779859080.564534541 rustc 87077 VmHWM=190348 VmPeak=989432
1779859080.856402031 MemAvailable 42599540
1779859080.856402031 cargo 83641 VmHWM=80780 VmPeak=2522732
1779859080.856402031 rustc 85361 VmHWM=227312 VmPeak=1010132
1779859080.856402031 rustc 85649 VmHWM=239624 VmPeak=994896
1779859080.856402031 rustc 86613 VmHWM=233304 VmPeak=1024876
1779859080.856402031 rustc 86898 VmHWM=221188 VmPeak=
1779859080.856402031 rustc 87042 VmHWM=191284 VmPeak=972500
1779859080.856402031 rustc 87057 VmHWM=218620 VmPeak=1028344
1779859080.856402031 rustc 87580 VmHWM=216284 VmPeak=
1779859080.856402031 rustc 87597 VmHWM=211012 VmPeak=992976
1779859080.856402031 rustc 87641 VmHWM=233524 VmPeak=994876
1779859080.856402031 rustc 87687 VmHWM=233344 VmPeak=990008
1779859080.856402031 rustc 87917 VmHWM=181372 VmPeak=994984
1779859080.856402031 rustc 88691 VmHWM=206096 VmPeak=994052
1779859080.856402031 rustc 88827 VmHWM=161604 VmPeak=
1779859080.856402031 rustc 88881 VmHWM=197520 VmPeak=1003768
1779859080.856402031 rustc 88885 VmHWM=165688 VmPeak=1015272
1779859080.856402031 rustc 88995 VmHWM=203728 VmPeak=1003768
1779859080.856402031 rustc 89064 VmHWM=155468 VmPeak=1034488
1779859080.856402031 rustc 89269 VmHWM=182796 VmPeak=971264
1779859080.856402031 rustc 89417 VmHWM=146760 VmPeak=1036004
1779859080.856402031 rustc 89422 VmHWM=214212 VmPeak=988736
1779859081.169133093 MemAvailable 42070764
1779859081.169133093 cargo 83641 VmHWM=80800 VmPeak=2522732
1779859081.169133093 rustc 85361 VmHWM=256916 VmPeak=1033924
1779859081.169133093 rustc 85649 VmHWM=274028 VmPeak=1057820
1779859081.169133093 rustc 87042 VmHWM=225044 VmPeak=972740
1779859081.169133093 rustc 87057 VmHWM=262708 VmPeak=1046504
1779859081.169133093 rustc 88885 VmHWM=218144 VmPeak=1048040
1779859081.169133093 rustc 88995 VmHWM=234216 VmPeak=1005268
1779859081.169133093 rustc 89064 VmHWM=243428 VmPeak=1042920
1779859081.169133093 rustc 89417 VmHWM=232244 VmPeak=1036004
1779859081.169133093 rustc 89680 VmHWM=222176 VmPeak=1009912
1779859081.169133093 rustc 89976 VmHWM=228112 VmPeak=1003768
1779859081.169133093 rustc 90332 VmHWM=203980 VmPeak=972288
1779859081.169133093 rustc 90367 VmHWM=169044 VmPeak=1036328
1779859081.169133093 rustc 90436 VmHWM=214584 VmPeak=1003224
1779859081.169133093 rustc 90803 VmHWM=187176 VmPeak=973064
1779859081.169133093 rustc 90806 VmHWM=201744 VmPeak=991356
1779859081.169133093 rustc 90843 VmHWM=209052 VmPeak=984760
1779859081.169133093 rustc 91053 VmHWM=209240 VmPeak=1003224
1779859081.169133093 rustc 91249 VmHWM=202960 VmPeak=993744
1779859081.434802797 MemAvailable 41797192
1779859081.434802797 cargo 83641 VmHWM=80820 VmPeak=2522732
1779859081.434802797 rustc 87057 VmHWM=308132 VmPeak=1097192
1779859081.434802797 rustc 88885 VmHWM=283060 VmPeak=1100776
1779859081.434802797 rustc 88995 VmHWM=273152 VmPeak=1028616
1779859081.434802797 rustc 89064 VmHWM=281864 VmPeak=1074664
1779859081.434802797 rustc 89417 VmHWM=267108 VmPeak=1050580
1779859081.434802797 rustc 89976 VmHWM=308276 VmPeak=1083368
1779859081.434802797 rustc 90367 VmHWM=236652 VmPeak=1038104
1779859081.434802797 rustc 90803 VmHWM=226152 VmPeak=1004296
1779859081.434802797 rustc 90806 VmHWM=235704 VmPeak=1007980
1779859081.434802797 rustc 91352 VmHWM=226604 VmPeak=1006452
1779859081.434802797 rustc 91453 VmHWM=181108 VmPeak=955028
1779859081.434802797 rustc 91463 VmHWM=230212 VmPeak=995048
1779859081.434802797 rustc 91501 VmHWM=224176 VmPeak=1005516
1779859081.434802797 rustc 91796 VmHWM=208644 VmPeak=993456
1779859081.434802797 rustc 91811 VmHWM=187936 VmPeak=1005356
1779859081.434802797 rustc 91916 VmHWM=210136 VmPeak=966732
1779859081.434802797 rustc 91921 VmHWM=208036 VmPeak=994072
1779859081.656535349 MemAvailable 41760196
1779859081.656535349 cargo 83641 VmHWM=80784 VmPeak=2522732
1779859081.656535349 rustc 88885 VmHWM=344440 VmPeak=1156072
1779859081.656535349 rustc 89064 VmHWM=326412 VmPeak=1100776
1779859081.656535349 rustc 89417 VmHWM=325112 VmPeak=1102804
1779859081.656535349 rustc 89976 VmHWM=359024 VmPeak=1133476
1779859081.656535349 rustc 90367 VmHWM=290460 VmPeak=1080600
1779859081.656535349 rustc 90803 VmHWM=283108 VmPeak=1049352
1779859081.656535349 rustc 91811 VmHWM=253944 VmPeak=1005356
1779859081.656535349 rustc 92404 VmHWM=181632 VmPeak=956052
1779859081.656535349 rustc 92500 VmHWM=140660 VmPeak=1011876
1779859081.656535349 rustc 92568 VmHWM=152720 VmPeak=1014568
1779859081.833167123 MemAvailable 41676832
1779859081.833167123 cargo 83641 VmHWM=80836 VmPeak=2522732
1779859081.833167123 rustc 88885 VmHWM=408760 VmPeak=1244624
1779859081.833167123 rustc 90367 VmHWM=369624 VmPeak=1142040
1779859081.833167123 rustc 90803 VmHWM=326356 VmPeak=1083144
1779859081.833167123 rustc 92500 VmHWM=254468 VmPeak=1018772
1779859081.833167123 rustc 92568 VmHWM=232952 VmPeak=1014568
1779859081.833167123 rustc 92757 VmHWM=148392 VmPeak=1011348
1779859081.833167123 rustc 92765 VmHWM=224752 VmPeak=1008392
1779859081.833167123 rustc 92904 VmHWM=222528 VmPeak=989264
1779859081.833167123 rustc 92989 VmHWM=178256 VmPeak=1037852
1779859082.030812938 MemAvailable 42006464
1779859082.030812938 cargo 83641 VmHWM=81004 VmPeak=2522732
1779859082.030812938 rustc 90367 VmHWM=452352 VmPeak=1279332
1779859082.030812938 rustc 90803 VmHWM=395572 VmPeak=1222080
1779859082.030812938 rustc 92500 VmHWM=322172 VmPeak=1108884
1779859082.030812938 rustc 92757 VmHWM=261516 VmPeak=1012612
1779859082.030812938 rustc 92904 VmHWM=287856 VmPeak=1076680
1779859082.030812938 rustc 92989 VmHWM=233008 VmPeak=1037852
1779859082.030812938 rustc 93136 VmHWM=224824 VmPeak=984572
1779859082.030812938 rustc 93257 VmHWM=120788 VmPeak=956588
1779859082.030812938 rustc 93259 VmHWM=124028 VmPeak=1015964
1779859082.030812938 rustc 93332 VmHWM=209504 VmPeak=976180
1779859082.243418676 MemAvailable 42317596
1779859082.243418676 cargo 83641 VmHWM=80988 VmPeak=2522732
1779859082.243418676 rustc 92757 VmHWM=334368 VmPeak=1103236
1779859082.243418676 rustc 92989 VmHWM=297844 VmPeak=1074204
1779859082.243418676 rustc 93257 VmHWM=217460 VmPeak=1009832
1779859082.243418676 rustc 93259 VmHWM=234072 VmPeak=1015964
1779859082.243418676 rustc 93332 VmHWM=268660 VmPeak=1092260
1779859082.243418676 rustc 93500 VmHWM=104292 VmPeak=962420
1779859082.243418676 rustc 93506 VmHWM=121192 VmPeak=956232
1779859082.243418676 rustc 93507 VmHWM=174096 VmPeak=970056
1779859082.243418676 rustc 93511 VmHWM=103872 VmPeak=956584
1779859082.243418676 rustc 93512 VmHWM=107416 VmPeak=962376
1779859082.430843212 MemAvailable 42031284
1779859082.430843212 cargo 83641 VmHWM=80988 VmPeak=2522732
1779859082.430843212 rustc 92757 VmHWM=405060 VmPeak=1224320
1779859082.430843212 rustc 92989 VmHWM=299176 VmPeak=1074204
1779859082.430843212 rustc 93257 VmHWM=309892 VmPeak=1063320
1779859082.430843212 rustc 93259 VmHWM=337628 VmPeak=1113424
1779859082.430843212 rustc 93500 VmHWM=252956 VmPeak=1021292
1779859082.430843212 rustc 93506 VmHWM=240540 VmPeak=1034628
1779859082.430843212 rustc 93507 VmHWM=225592 VmPeak=1037748
1779859082.430843212 rustc 93511 VmHWM=206008 VmPeak=1021668
1779859082.430843212 rustc 93512 VmHWM=139052 VmPeak=1006784
1779859082.430843212 rustc 93516 VmHWM=240664 VmPeak=1020672
1779859082.430843212 rustc 93626 VmHWM=201736 VmPeak=
1779859082.430843212 rustc 93639 VmHWM=269464 VmPeak=1041828
1779859082.430843212 rustc 93658 VmHWM=255132 VmPeak=1075148
1779859082.430843212 rustc 93685 VmHWM=255860 VmPeak=1040556
1779859082.430843212 rustc 93908 VmHWM=239240 VmPeak=1023412
1779859082.659058685 MemAvailable 42053480
1779859082.659058685 cargo 83641 VmHWM=81028 VmPeak=2522732
1779859082.659058685 rustc 92989 VmHWM=300752 VmPeak=1077276
1779859082.659058685 rustc 93500 VmHWM=290708 VmPeak=1085404
1779859082.659058685 rustc 93511 VmHWM=287612 VmPeak=1048308
1779859082.659058685 rustc 93512 VmHWM=329000 VmPeak=1115976
1779859082.659058685 rustc 93639 VmHWM=279456 VmPeak=1071048
1779859082.659058685 rustc 93685 VmHWM=298144 VmPeak=1069816
1779859082.659058685 rustc 93908 VmHWM=305780 VmPeak=1171640
1779859082.659058685 clang 94543 VmHWM=3524 VmPeak=4120
1779859082.659058685 rustc 94546 VmHWM=116568 VmPeak=983384
1779859082.659058685 clang 94547 VmHWM=3540 VmPeak=4120
1779859082.659058685 rustc 94683 VmHWM=172016 VmPeak=993860
1779859082.659058685 clang 94693 VmHWM=66356 VmPeak=245628
1779859082.844661732 MemAvailable 42248192
1779859082.844661732 cargo 83641 VmHWM=81028 VmPeak=2522732
1779859082.844661732 rustc 92989 VmHWM=313016 VmPeak=1092636
1779859082.844661732 rustc 93511 VmHWM=343776 VmPeak=1239060
1779859082.844661732 rustc 93512 VmHWM=369160 VmPeak=1153948
1779859082.844661732 rustc 93685 VmHWM=319688 VmPeak=1157016
1779859082.844661732 rustc 94546 VmHWM=177468 VmPeak=1075020
1779859082.844661732 rustc 94704 VmHWM=279396 VmPeak=1029476
1779859082.844661732 rustc 94796 VmHWM=157184 VmPeak=1041036
1779859082.844661732 clang 95261 VmHWM=3548 VmPeak=4124
1779859082.844661732 rustc 95280 VmHWM=229556 VmPeak=1024968
1779859083.010402714 MemAvailable 42416428
1779859083.010402714 cargo 83641 VmHWM=81028 VmPeak=2522732
1779859083.010402714 rustc 92989 VmHWM=412216 VmPeak=1176608
1779859083.010402714 rustc 93512 VmHWM=424040 VmPeak=1324220
1779859083.010402714 rustc 94546 VmHWM=192192 VmPeak=1075020
1779859083.010402714 rustc 94796 VmHWM=264732 VmPeak=1041036
1779859083.010402714 rustc 95576 VmHWM=248344 VmPeak=1040144
1779859083.010402714 rustc 95773 VmHWM=215812 VmPeak=1025644
1779859083.010402714 rustc 95860 VmHWM=246456 VmPeak=
1779859083.010402714 rustc 95951 VmHWM=130316 VmPeak=1035264
1779859083.010402714 clang 95993 VmHWM=3544 VmPeak=4124
1779859083.155176143 MemAvailable 42427340
1779859083.155176143 cargo 83641 VmHWM=81028 VmPeak=2522732
1779859083.155176143 rustc 92989 VmHWM=447596 VmPeak=1231392
1779859083.155176143 rustc 94546 VmHWM=339388 VmPeak=1126552
1779859083.155176143 rustc 94796 VmHWM=371368 VmPeak=1127016
1779859083.155176143 rustc 95576 VmHWM=285480 VmPeak=1132432
1779859083.155176143 rustc 95951 VmHWM=281992 VmPeak=1039088
1779859083.155176143 rustc 96212 VmHWM=166592 VmPeak=966448
1779859083.155176143 clang 96248 VmHWM=3540 VmPeak=4240
1779859083.297368331 MemAvailable 42314328
1779859083.297368331 cargo 83641 VmHWM=81116 VmPeak=2522732
1779859083.297368331 rustc 92989 VmHWM=627980 VmPeak=1509092
1779859083.297368331 rustc 94546 VmHWM=433792 VmPeak=1205912
1779859083.297368331 rustc 96327 VmHWM=207700 VmPeak=997504
1779859083.297368331 rustc 96411 VmHWM=134796 VmPeak=1054164
1779859083.437868610 MemAvailable 42356400
1779859083.437868610 cargo 83641 VmHWM=81116 VmPeak=2522732
1779859083.437868610 rustc 92989 VmHWM=634064 VmPeak=1580236
1779859083.437868610 rustc 94546 VmHWM=477128 VmPeak=1251684
1779859083.437868610 rustc 96327 VmHWM=308864 VmPeak=1077376
1779859083.437868610 rustc 96411 VmHWM=287600 VmPeak=1085124
1779859083.437868610 rustc 96584 VmHWM=248296 VmPeak=1026100
1779859083.580263658 MemAvailable 42249988
1779859083.580263658 cargo 83641 VmHWM=81276 VmPeak=2522732
1779859083.580263658 rustc 96327 VmHWM=359760 VmPeak=1124480
1779859083.580263658 rustc 96933 VmHWM=190844 VmPeak=1005716
1779859083.580263658 rustc 96935 VmHWM=101556 VmPeak=1006140
1779859083.706392698 MemAvailable 42779156
1779859083.706392698 cargo 83641 VmHWM=81256 VmPeak=2522732
1779859083.706392698 rustc 96327 VmHWM=450884 VmPeak=1325984
1779859083.706392698 rustc 96935 VmHWM=285640 VmPeak=1073600
1779859083.816711241 MemAvailable 42935992
1779859083.816711241 cargo 83641 VmHWM=81232 VmPeak=2522732
1779859083.816711241 rustc 97115 VmHWM=147256 VmPeak=1104424
1779859083.920914865 MemAvailable 42935168
1779859083.920914865 cargo 83641 VmHWM=81232 VmPeak=2522732
1779859083.920914865 rustc 97115 VmHWM=204804 VmPeak=1157672
1779859084.025838132 MemAvailable 42935184
1779859084.025838132 cargo 83641 VmHWM=81232 VmPeak=2522732
1779859084.025838132 rustc 97115 VmHWM=241340 VmPeak=1157672
1779859084.130610319 MemAvailable 42910992
1779859084.130610319 cargo 83641 VmHWM=81232 VmPeak=2522732
1779859084.130610319 rustc 97115 VmHWM=379624 VmPeak=1223960
1779859084.234457831 MemAvailable 42910744
1779859084.234457831 cargo 83641 VmHWM=81232 VmPeak=2522732
1779859084.234457831 rustc 97115 VmHWM=419460 VmPeak=1280792
1779859084.341454088 MemAvailable 42910232
1779859084.341454088 cargo 83641 VmHWM=81232 VmPeak=2522732
1779859084.341454088 rustc 97115 VmHWM=474472 VmPeak=1329944
1779859084.447760032 MemAvailable 42909984
1779859084.447760032 cargo 83641 VmHWM=81232 VmPeak=2522732
1779859084.447760032 rustc 97115 VmHWM=626260 VmPeak=1485596
1779859084.554348347 MemAvailable 42873376
1779859084.554348347 cargo 83641 VmHWM=81232 VmPeak=2522732
1779859084.554348347 rustc 97115 VmHWM=705604 VmPeak=1716312
1779859084.554348347 rustc 97272 VmHWM=150740 VmPeak=1155848
1779859084.662458450 MemAvailable 43050788
1779859084.662458450 cargo 83641 VmHWM=81232 VmPeak=2522732
1779859084.662458450 rustc 97272 VmHWM=188492 VmPeak=1241840
1779859084.765710449 MemAvailable 43047644
1779859084.765710449 cargo 83641 VmHWM=81232 VmPeak=2522732
1779859084.765710449 rustc 97272 VmHWM=240304 VmPeak=1241840
1779859084.868374875 MemAvailable 43029552
1779859084.868374875 cargo 83641 VmHWM=81232 VmPeak=2522732
1779859084.868374875 rustc 97272 VmHWM=414548 VmPeak=1347692
1779859084.975346052 MemAvailable 43034208
1779859084.975346052 cargo 83641 VmHWM=81232 VmPeak=2522732
1779859084.975346052 rustc 97272 VmHWM=465684 VmPeak=1390700
1779859085.081157203 MemAvailable 43105856
1779859085.081157203 cargo 83641 VmHWM=81232 VmPeak=2522732
1779859085.081157203 rustc 97272 VmHWM=562980 VmPeak=1485932
1779859085.191505207 MemAvailable 43119448
1779859085.191505207 cargo 83641 VmHWM=81232 VmPeak=2522732
1779859085.191505207 rustc 97272 VmHWM=612996 VmPeak=1549932
1779859085.296112783 MemAvailable 43120724
1779859085.296112783 cargo 83641 VmHWM=81232 VmPeak=2522732
1779859085.296112783 rustc 97272 VmHWM=631012 VmPeak=1566828
1779859085.401667233 MemAvailable 43109784
1779859085.401667233 cargo 83641 VmHWM=81232 VmPeak=2522732
1779859085.401667233 rustc 97272 VmHWM=657172 VmPeak=1590892
1779859085.506108598 MemAvailable 43111472
1779859085.506108598 cargo 83641 VmHWM=81232 VmPeak=2522732
1779859085.506108598 rustc 97272 VmHWM=676308 VmPeak=1610348
1779859085.610704763 MemAvailable 43127228
1779859085.610704763 cargo 83641 VmHWM=81232 VmPeak=2522732
1779859085.610704763 rustc 97272 VmHWM=689916 VmPeak=1629804
1779859085.715806821 MemAvailable 43131760
1779859085.715806821 cargo 83641 VmHWM=81232 VmPeak=2522732
1779859085.715806821 rustc 97272 VmHWM=734676 VmPeak=1675884
1779859085.818866869 MemAvailable 43124664
1779859085.818866869 cargo 83641 VmHWM=81232 VmPeak=2522732
1779859085.818866869 rustc 97272 VmHWM=740068 VmPeak=1675884
1779859085.921234664 MemAvailable 43125604
1779859085.921234664 cargo 83641 VmHWM=81232 VmPeak=2522732
1779859085.921234664 rustc 97272 VmHWM=754952 VmPeak=1688172
1779859086.024206682 MemAvailable 43120984
1779859086.024206682 cargo 83641 VmHWM=81232 VmPeak=2522732
1779859086.024206682 rustc 97272 VmHWM=798152 VmPeak=1739372
1779859086.126698338 MemAvailable 43078744
1779859086.126698338 cargo 83641 VmHWM=81232 VmPeak=2522732
1779859086.126698338 rustc 97272 VmHWM=858348 VmPeak=1805932
1779859086.229411904 MemAvailable 43047508
1779859086.229411904 cargo 83641 VmHWM=81232 VmPeak=2522732
1779859086.229411904 rustc 97272 VmHWM=894220 VmPeak=1846892
1779859086.333691328 MemAvailable 43032372
1779859086.333691328 cargo 83641 VmHWM=81232 VmPeak=2522732
1779859086.333691328 rustc 97272 VmHWM=910504 VmPeak=1865324
1779859086.436964057 MemAvailable 43020504
1779859086.436964057 cargo 83641 VmHWM=81232 VmPeak=2522732
1779859086.436964057 rustc 97272 VmHWM=920336 VmPeak=1877612
1779859086.540959600 MemAvailable 43014412
1779859086.540959600 cargo 83641 VmHWM=81232 VmPeak=2522732
1779859086.540959600 rustc 97272 VmHWM=954680 VmPeak=2058100
1779859086.644346810 MemAvailable 43020128
1779859086.644346810 cargo 83641 VmHWM=81232 VmPeak=2522732
1779859086.644346810 rustc 97272 VmHWM=1038824 VmPeak=2265160
1779859086.748097071 MemAvailable 43031556
1779859086.748097071 cargo 83641 VmHWM=81232 VmPeak=2522732
1779859086.748097071 rustc 97272 VmHWM=1041468 VmPeak=2398972
1779859086.853224229 MemAvailable 43019940
1779859086.853224229 cargo 83641 VmHWM=81232 VmPeak=2522732
1779859086.853224229 rustc 97272 VmHWM=1069164 VmPeak=2564072
1779859086.956120317 MemAvailable 43044652
1779859086.956120317 cargo 83641 VmHWM=81232 VmPeak=2522732
1779859086.956120317 rustc 97272 VmHWM=1112360 VmPeak=2752140
1779859087.059592707 MemAvailable 43140392
1779859087.059592707 cargo 83641 VmHWM=81232 VmPeak=2522732
1779859087.158937017 MemAvailable 43480936
1779859087.158937017 cargo 83641 VmHWM=81232 VmPeak=2522732
1779859087.158937017 rustc 97975 VmHWM=249128 VmPeak=1413364
1779859087.158937017 clang 98025 VmHWM=3744 VmPeak=4396
1779859087.158937017 clang 98031 VmHWM=66476 VmPeak=245732
1779859087.269661383 MemAvailable 43535984
1779859087.269661383 cargo 83641 VmHWM=81212 VmPeak=2522732
1779859087.373949367 MemAvailable 43669540
