1779859066.852143046 MemAvailable 46094848
1779859066.852143046 cargo 66662 VmHWM=23024 VmPeak=41876
1779859066.957772447 MemAvailable 45591892
1779859066.957772447 cargo 66662 VmHWM=80456 VmPeak=2453180
1779859066.957772447 rustc 66721 VmHWM=159168 VmPeak=947688
1779859066.957772447 rustc 66722 VmHWM=129608 VmPeak=925068
1779859066.957772447 rustc 66724 VmHWM=171208 VmPeak=971264
1779859066.957772447 rustc 66726 VmHWM=162260 VmPeak=941544
1779859066.957772447 rustc 66727 VmHWM=175496 VmPeak=941544
1779859066.957772447 rustc 66728 VmHWM=160460 VmPeak=989432
1779859066.957772447 rustc 66732 VmHWM=169780 VmPeak=959064
1779859066.957772447 rustc 66805 VmHWM=182420 VmPeak=971264
1779859066.957772447 rustc 66830 VmHWM=184828 VmPeak=964832
1779859066.957772447 rustc 66856 VmHWM=185504 VmPeak=973316
1779859066.957772447 rustc 66917 VmHWM=182836 VmPeak=1009912
1779859066.957772447 rustc 66973 VmHWM=216656 VmPeak=989292
1779859066.957772447 rustc 67018 VmHWM=190020 VmPeak=970780
1779859066.957772447 rustc 67361 VmHWM=174424 VmPeak=965120
1779859066.957772447 rustc 67383 VmHWM=178672 VmPeak=965120
1779859066.957772447 rustc 67384 VmHWM=169572 VmPeak=959064
1779859066.957772447 rustc 67385 VmHWM=188216 VmPeak=971264
1779859067.276256556 MemAvailable 43632888
1779859067.276256556 cargo 66662 VmHWM=80720 VmPeak=2455328
1779859067.276256556 rustc 66917 VmHWM=215244 VmPeak=1014516
1779859067.276256556 rustc 68466 VmHWM=183556 VmPeak=1010132
1779859067.276256556 rustc 68501 VmHWM=191116 VmPeak=970780
1779859067.276256556 rustc 68510 VmHWM=196244 VmPeak=974528
1779859067.276256556 rustc 68825 VmHWM=179628 VmPeak=968728
1779859067.276256556 rustc 69021 VmHWM=173384 VmPeak=943784
1779859067.276256556 rustc 69262 VmHWM=185112 VmPeak=972368
1779859067.276256556 rustc 69302 VmHWM=181088 VmPeak=971264
1779859067.276256556 rustc 69495 VmHWM=124316 VmPeak=948972
1779859067.276256556 rustc 69511 VmHWM=194300 VmPeak=983480
1779859067.276256556 rustc 69569 VmHWM=188820 VmPeak=966720
1779859067.276256556 rustc 69960 VmHWM=159704 VmPeak=953664
1779859067.276256556 rustc 70066 VmHWM=118244 VmPeak=966356
1779859067.276256556 rustc 70270 VmHWM=184804 VmPeak=941628
1779859067.559769287 MemAvailable 43431700
1779859067.559769287 cargo 66662 VmHWM=80812 VmPeak=2457368
1779859067.559769287 rustc 68466 VmHWM=222956 VmPeak=1010132
1779859067.559769287 rustc 69262 VmHWM=216984 VmPeak=972368
1779859067.559769287 rustc 69511 VmHWM=229280 VmPeak=1002788
1779859067.559769287 rustc 69569 VmHWM=229012 VmPeak=1025516
1779859067.559769287 rustc 69960 VmHWM=196092 VmPeak=953664
1779859067.559769287 rustc 70066 VmHWM=193760 VmPeak=966356
1779859067.559769287 rustc 70377 VmHWM=210584 VmPeak=1034488
1779859067.559769287 rustc 70431 VmHWM=209580 VmPeak=992976
1779859067.559769287 rustc 70519 VmHWM=229008 VmPeak=996120
1779859067.559769287 rustc 70846 VmHWM=205100 VmPeak=988840
1779859067.559769287 rustc 71002 VmHWM=220912 VmPeak=984484
1779859067.559769287 rustc 71048 VmHWM=175588 VmPeak=994984
1779859067.559769287 rustc 71366 VmHWM=200736 VmPeak=989432
1779859067.559769287 rustc 72000 VmHWM=193520 VmPeak=984484
1779859067.559769287 rustc 72135 VmHWM=203164 VmPeak=989876
1779859067.559769287 rustc 72368 VmHWM=189852 VmPeak=973296
1779859067.559769287 rustc 72413 VmHWM=155164 VmPeak=1028344
1779859067.559769287 rustc 72415 VmHWM=195016 VmPeak=985332
1779859067.559769287 rustc 72728 VmHWM=193232 VmPeak=1003768
1779859067.559769287 rustc 72742 VmHWM=139844 VmPeak=1009984
1779859067.559769287 rustc 72780 VmHWM=163428 VmPeak=968728
1779859067.877904964 MemAvailable 42407080
1779859067.877904964 cargo 66662 VmHWM=80816 VmPeak=2457380
1779859067.877904964 rustc 68466 VmHWM=256508 VmPeak=1033924
1779859067.877904964 rustc 69262 VmHWM=272928 VmPeak=1063964
1779859067.877904964 rustc 70066 VmHWM=230988 VmPeak=990148
1779859067.877904964 rustc 70377 VmHWM=244164 VmPeak=1034488
1779859067.877904964 rustc 70846 VmHWM=250644 VmPeak=1030968
1779859067.877904964 rustc 71048 VmHWM=231516 VmPeak=996152
1779859067.877904964 rustc 72413 VmHWM=231660 VmPeak=1033704
1779859067.877904964 rustc 72728 VmHWM=247044 VmPeak=1050340
1779859067.877904964 rustc 72742 VmHWM=185232 VmPeak=1048040
1779859067.877904964 rustc 73065 VmHWM=192324 VmPeak=1029860
1779859067.877904964 rustc 73269 VmHWM=213580 VmPeak=1009912
1779859067.877904964 rustc 73542 VmHWM=194692 VmPeak=966920
1779859067.877904964 rustc 73774 VmHWM=200256 VmPeak=1003768
1779859067.877904964 rustc 74049 VmHWM=208164 VmPeak=990904
1779859067.877904964 rustc 74259 VmHWM=197052 VmPeak=991356
1779859067.877904964 rustc 74469 VmHWM=191752 VmPeak=958448
1779859067.877904964 rustc 74572 VmHWM=182732 VmPeak=965120
1779859067.877904964 rustc 74588 VmHWM=154076 VmPeak=1036328
1779859067.877904964 rustc 74595 VmHWM=187340 VmPeak=966144
1779859067.877904964 rustc 74728 VmHWM=193496 VmPeak=977548
1779859067.877904964 rustc 74739 VmHWM=206144 VmPeak=992960
1779859068.209136746 MemAvailable 42104892
1779859068.209136746 cargo 66662 VmHWM=80844 VmPeak=2457380
1779859068.209136746 rustc 70377 VmHWM=289372 VmPeak=1093096
1779859068.209136746 rustc 72413 VmHWM=273916 VmPeak=1060328
1779859068.209136746 rustc 72742 VmHWM=281696 VmPeak=1102312
1779859068.209136746 rustc 73065 VmHWM=267328 VmPeak=1047508
1779859068.209136746 rustc 73269 VmHWM=239684 VmPeak=1009912
1779859068.209136746 rustc 73542 VmHWM=235988 VmPeak=998152
1779859068.209136746 rustc 73774 VmHWM=281276 VmPeak=1087976
1779859068.209136746 rustc 74259 VmHWM=230872 VmPeak=1002860
1779859068.209136746 rustc 74588 VmHWM=226268 VmPeak=1036328
1779859068.209136746 rustc 74595 VmHWM=223680 VmPeak=989924
1779859068.209136746 rustc 74957 VmHWM=234896 VmPeak=997100
1779859068.209136746 rustc 75474 VmHWM=226296 VmPeak=993656
1779859068.209136746 rustc 75670 VmHWM=203708 VmPeak=993456
1779859068.209136746 rustc 75692 VmHWM=205400 VmPeak=990076
1779859068.209136746 rustc 76133 VmHWM=201996 VmPeak=1000704
1779859068.486955589 MemAvailable 41912252
1779859068.486955589 cargo 66662 VmHWM=80856 VmPeak=2457380
1779859068.486955589 rustc 70377 VmHWM=343368 VmPeak=1139788
1779859068.486955589 rustc 72413 VmHWM=330252 VmPeak=1131496
1779859068.486955589 rustc 72742 VmHWM=337156 VmPeak=1148392
1779859068.486955589 rustc 73065 VmHWM=311940 VmPeak=1072596
1779859068.486955589 rustc 73269 VmHWM=309052 VmPeak=1116764
1779859068.486955589 rustc 73542 VmHWM=288608 VmPeak=1038088
1779859068.486955589 rustc 73774 VmHWM=331864 VmPeak=1120232
1779859068.486955589 rustc 74259 VmHWM=267892 VmPeak=
1779859068.486955589 rustc 74588 VmHWM=285332 VmPeak=1069336
1779859068.486955589 rustc 76477 VmHWM=224908 VmPeak=1011876
1779859068.486955589 rustc 76720 VmHWM=180816 VmPeak=949908
1779859068.486955589 rustc 76736 VmHWM=216212 VmPeak=1011500
1779859068.711421434 MemAvailable 42062176
1779859068.711421434 cargo 66662 VmHWM=80892 VmPeak=2457380
1779859068.711421434 rustc 72742 VmHWM=395692 VmPeak=1205124
1779859068.711421434 rustc 73065 VmHWM=344256 VmPeak=1158752
1779859068.711421434 rustc 73542 VmHWM=330648 VmPeak=1109836
1779859068.711421434 rustc 73774 VmHWM=363436 VmPeak=1151908
1779859068.711421434 rustc 74588 VmHWM=366776 VmPeak=1146648
1779859068.711421434 rustc 76477 VmHWM=257072 VmPeak=1054612
1779859068.711421434 rustc 76736 VmHWM=270092 VmPeak=1041596
1779859068.711421434 rustc 77249 VmHWM=230716 VmPeak=1008424
1779859068.711421434 rustc 77408 VmHWM=207464 VmPeak=1014536
1779859068.711421434 rustc 77556 VmHWM=219384 VmPeak=1001032
1779859068.711421434 rustc 77596 VmHWM=198740 VmPeak=960172
1779859068.711421434 rustc 77675 VmHWM=158180 VmPeak=1014132
1779859068.916577405 MemAvailable 42281852
1779859068.916577405 cargo 66662 VmHWM=81048 VmPeak=2457380
1779859068.916577405 rustc 73542 VmHWM=377596 VmPeak=1207744
1779859068.916577405 rustc 74588 VmHWM=399148 VmPeak=1167128
1779859068.916577405 rustc 76477 VmHWM=304960 VmPeak=1085844
1779859068.916577405 rustc 77249 VmHWM=268956 VmPeak=1066612
1779859068.916577405 rustc 77408 VmHWM=266140 VmPeak=1051220
1779859068.916577405 rustc 77675 VmHWM=175452 VmPeak=1037852
1779859068.916577405 rustc 77729 VmHWM=221404 VmPeak=1011348
1779859068.916577405 rustc 77810 VmHWM=188580 VmPeak=984572
1779859068.916577405 rustc 77888 VmHWM=236196 VmPeak=995408
1779859068.916577405 rustc 78017 VmHWM=247464 VmPeak=1012444
1779859069.086872008 MemAvailable 42793516
1779859069.086872008 cargo 66662 VmHWM=81020 VmPeak=2457380
1779859069.086872008 rustc 74588 VmHWM=473740 VmPeak=1369096
1779859069.086872008 rustc 76477 VmHWM=338576 VmPeak=1138040
1779859069.086872008 rustc 77675 VmHWM=301980 VmPeak=1090588
1779859069.086872008 rustc 77729 VmHWM=313896 VmPeak=1088900
1779859069.086872008 rustc 77810 VmHWM=268268 VmPeak=1098276
1779859069.086872008 rustc 78377 VmHWM=123672 VmPeak=1015976
1779859069.086872008 rustc 78427 VmHWM=123780 VmPeak=1015964
1779859069.086872008 rustc 78458 VmHWM=221340 VmPeak=968500
1779859069.257086431 MemAvailable 42923108
1779859069.257086431 cargo 66662 VmHWM=81044 VmPeak=2457380
1779859069.257086431 rustc 77675 VmHWM=303252 VmPeak=1093660
1779859069.257086431 rustc 77729 VmHWM=384356 VmPeak=1160748
1779859069.257086431 rustc 78377 VmHWM=296628 VmPeak=1040280
1779859069.257086431 rustc 78427 VmHWM=236616 VmPeak=1015964
1779859069.257086431 rustc 78668 VmHWM=145764 VmPeak=964936
1779859069.257086431 rustc 78674 VmHWM=108660 VmPeak=962728
1779859069.257086431 rustc 78684 VmHWM=178696 VmPeak=972440
1779859069.257086431 rustc 78686 VmHWM=167060 VmPeak=962376
1779859069.257086431 rustc 78704 VmHWM=178988 VmPeak=972616
1779859069.257086431 rustc 78719 VmHWM=112444 VmPeak=956232
1779859069.257086431 rustc 78725 VmHWM=197552 VmPeak=967008
1779859069.257086431 rustc 78727 VmHWM=210000 VmPeak=999784
1779859069.257086431 rustc 78730 VmHWM=115964 VmPeak=982564
1779859069.257086431 rustc 78759 VmHWM=205944 VmPeak=997264
1779859069.257086431 rustc 79044 VmHWM=166284 VmPeak=1000204
1779859069.462961006 MemAvailable 42766360
1779859069.462961006 cargo 66662 VmHWM=81064 VmPeak=2457380
1779859069.462961006 rustc 77675 VmHWM=305412 VmPeak=1097244
1779859069.462961006 rustc 78377 VmHWM=378260 VmPeak=1211264
1779859069.462961006 rustc 78427 VmHWM=331776 VmPeak=1103184
1779859069.462961006 rustc 78668 VmHWM=274992 VmPeak=1056684
1779859069.462961006 rustc 78674 VmHWM=266100 VmPeak=1054376
1779859069.462961006 rustc 78684 VmHWM=229652 VmPeak=1035520
1779859069.462961006 rustc 78686 VmHWM=259928 VmPeak=1033636
1779859069.462961006 rustc 78704 VmHWM=230504 VmPeak=1040796
1779859069.462961006 rustc 78719 VmHWM=220756 VmPeak=1000640
1779859069.462961006 rustc 78725 VmHWM=220944 VmPeak=
1779859069.462961006 rustc 78727 VmHWM=255444 VmPeak=1076160
1779859069.462961006 rustc 78730 VmHWM=275464 VmPeak=1058008
1779859069.462961006 rustc 79074 VmHWM=260072 VmPeak=1029556
1779859069.705895181 MemAvailable 42801676
1779859069.705895181 cargo 66662 VmHWM=81100 VmPeak=2457380
1779859069.705895181 rustc 77675 VmHWM=324384 VmPeak=1115164
1779859069.705895181 rustc 78668 VmHWM=284216 VmPeak=1090528
1779859069.705895181 rustc 78674 VmHWM=333440 VmPeak=1124696
1779859069.705895181 rustc 78686 VmHWM=289376 VmPeak=1106928
1779859069.705895181 rustc 78719 VmHWM=349968 VmPeak=1115548
1779859069.705895181 rustc 78730 VmHWM=326780 VmPeak=1166232
1779859069.705895181 rustc 79074 VmHWM=308244 VmPeak=1168056
1779859069.705895181 rustc 79659 VmHWM=177468 VmPeak=987160
1779859069.705895181 rustc 79725 VmHWM=140404 VmPeak=983384
1779859069.705895181 rustc 79988 VmHWM=120540 VmPeak=1009972
1779859069.705895181 clang 79994 VmHWM=3532 VmPeak=4228
1779859069.705895181 rustc 80006 VmHWM=194668 VmPeak=970664
1779859069.905269385 MemAvailable 42813080
1779859069.905269385 cargo 66662 VmHWM=81100 VmPeak=2457380
1779859069.905269385 rustc 77675 VmHWM=410096 VmPeak=1206300
1779859069.905269385 rustc 78719 VmHWM=376832 VmPeak=1159612
1779859069.905269385 rustc 79725 VmHWM=179608 VmPeak=1068876
1779859069.905269385 rustc 79988 VmHWM=156432 VmPeak=1041036
1779859069.905269385 rustc 80746 VmHWM=201768 VmPeak=981548
1779859070.067348738 MemAvailable 43297768
1779859070.067348738 cargo 66662 VmHWM=81100 VmPeak=2457380
1779859070.067348738 rustc 77675 VmHWM=442204 VmPeak=1232412
1779859070.067348738 rustc 78719 VmHWM=422408 VmPeak=1310908
1779859070.067348738 rustc 79725 VmHWM=231768 VmPeak=1068876
1779859070.067348738 rustc 79988 VmHWM=237604 VmPeak=1041036
1779859070.067348738 rustc 80746 VmHWM=217124 VmPeak=1013868
1779859070.067348738 rustc 81199 VmHWM=248984 VmPeak=1050896
1779859070.067348738 rustc 81246 VmHWM=214316 VmPeak=1035264
1779859070.219818335 MemAvailable 43189832
1779859070.219818335 cargo 66662 VmHWM=81100 VmPeak=2457380
1779859070.219818335 rustc 77675 VmHWM=640924 VmPeak=1532612
1779859070.219818335 rustc 79725 VmHWM=346296 VmPeak=1137304
1779859070.219818335 rustc 79988 VmHWM=300692 VmPeak=1072232
1779859070.219818335 rustc 81199 VmHWM=287396 VmPeak=1121680
1779859070.219818335 rustc 81246 VmHWM=298800 VmPeak=1038064
1779859070.219818335 rustc 81492 VmHWM=201180 VmPeak=992384
1779859070.219818335 rustc 81551 VmHWM=178900 VmPeak=966448
1779859070.219818335 clang 81606 VmHWM=3544 VmPeak=4240
1779859070.376361712 MemAvailable 43331732
1779859070.376361712 cargo 66662 VmHWM=81100 VmPeak=2457380
1779859070.376361712 rustc 77675 VmHWM=649444 VmPeak=1632476
1779859070.376361712 rustc 79725 VmHWM=402228 VmPeak=1181336
1779859070.376361712 rustc 79988 VmHWM=350184 VmPeak=1121896
1779859070.376361712 rustc 81246 VmHWM=339000 VmPeak=
1779859070.376361712 rustc 81492 VmHWM=265800 VmPeak=1023616
1779859070.376361712 rustc 81751 VmHWM=135664 VmPeak=1054164
1779859070.524973640 MemAvailable 43372132
1779859070.524973640 cargo 66662 VmHWM=81148 VmPeak=2457380
1779859070.524973640 rustc 79725 VmHWM=457272 VmPeak=1239704
1779859070.524973640 rustc 81492 VmHWM=356308 VmPeak=1102464
1779859070.524973640 rustc 81751 VmHWM=310680 VmPeak=1089220
1779859070.524973640 rustc 81851 VmHWM=283000 VmPeak=1046848
1779859070.524973640 rustc 81971 VmHWM=231136 VmPeak=1170024
1779859070.659615411 MemAvailable 43439060
1779859070.659615411 cargo 66662 VmHWM=81208 VmPeak=2457380
1779859070.659615411 rustc 79725 VmHWM=529032 VmPeak=
1779859070.659615411 rustc 81492 VmHWM=462964 VmPeak=1356692
1779859070.659615411 rustc 82106 VmHWM=237420 VmPeak=1060656
1779859070.659615411 rustc 82222 VmHWM=219496 VmPeak=983808
1779859070.659615411 rustc 82224 VmHWM=228048 VmPeak=1008304
1779859070.659615411 rustc 82419 VmHWM=115908 VmPeak=1019400
1779859070.812207239 MemAvailable 43777732
1779859070.812207239 cargo 66662 VmHWM=81300 VmPeak=2457380
1779859070.812207239 rustc 82419 VmHWM=327380 VmPeak=1305396
1779859070.812207239 rustc 82679 VmHWM=120496 VmPeak=1104424
1779859070.924845903 MemAvailable 43973556
1779859070.924845903 cargo 66662 VmHWM=81300 VmPeak=2457380
1779859070.924845903 rustc 82679 VmHWM=151016 VmPeak=1104424
1779859071.029841111 MemAvailable 43982676
1779859071.029841111 cargo 66662 VmHWM=81300 VmPeak=2457380
1779859071.029841111 rustc 82679 VmHWM=205100 VmPeak=1157672
1779859071.131956984 MemAvailable 43988420
1779859071.131956984 cargo 66662 VmHWM=81300 VmPeak=2457380
1779859071.131956984 rustc 82679 VmHWM=229056 VmPeak=1157672
1779859071.233553495 MemAvailable 44006032
1779859071.233553495 cargo 66662 VmHWM=81300 VmPeak=2457380
1779859071.233553495 rustc 82679 VmHWM=377624 VmPeak=1219352
1779859071.339397817 MemAvailable 44003360
1779859071.339397817 cargo 66662 VmHWM=81300 VmPeak=2457380
1779859071.339397817 rustc 82679 VmHWM=429044 VmPeak=1287960
1779859071.450085422 MemAvailable 44023400
1779859071.450085422 cargo 66662 VmHWM=81300 VmPeak=2457380
1779859071.450085422 rustc 82679 VmHWM=592312 VmPeak=1468184
1779859071.562911367 MemAvailable 44018068
1779859071.562911367 cargo 66662 VmHWM=81300 VmPeak=2457380
1779859071.562911367 rustc 82679 VmHWM=643440 VmPeak=1498904
1779859071.669127731 MemAvailable 43949340
1779859071.669127731 cargo 66662 VmHWM=81300 VmPeak=2457380
1779859071.669127731 rustc 82866 VmHWM=156656 VmPeak=1149704
1779859071.772716422 MemAvailable 44079624
1779859071.772716422 cargo 66662 VmHWM=81300 VmPeak=2457380
1779859071.772716422 rustc 82866 VmHWM=192876 VmPeak=1235696
1779859071.875864040 MemAvailable 44072872
1779859071.875864040 cargo 66662 VmHWM=81300 VmPeak=2457380
1779859071.875864040 rustc 82866 VmHWM=243092 VmPeak=1235696
1779859071.980020554 MemAvailable 44064372
1779859071.980020554 cargo 66662 VmHWM=81300 VmPeak=2457380
1779859071.980020554 rustc 82866 VmHWM=463240 VmPeak=1387628
1779859072.086923790 MemAvailable 44003100
1779859072.086923790 cargo 66662 VmHWM=81300 VmPeak=2457380
1779859072.086923790 rustc 82866 VmHWM=561432 VmPeak=1496172
1779859072.193634536 MemAvailable 44004036
1779859072.193634536 cargo 66662 VmHWM=81300 VmPeak=2457380
1779859072.193634536 rustc 82866 VmHWM=625056 VmPeak=1565804
1779859072.300882915 MemAvailable 43987788
1779859072.300882915 cargo 66662 VmHWM=81300 VmPeak=2457380
1779859072.300882915 rustc 82866 VmHWM=675740 VmPeak=1628268
1779859072.407028048 MemAvailable 43084212
1779859072.407028048 cargo 66662 VmHWM=81300 VmPeak=2457380
1779859072.407028048 rustc 82866 VmHWM=719892 VmPeak=1676908
1779859072.513175311 MemAvailable 43084152
1779859072.513175311 cargo 66662 VmHWM=81300 VmPeak=2457380
1779859072.513175311 rustc 82866 VmHWM=742080 VmPeak=1688172
1779859072.617740386 MemAvailable 43149508
1779859072.617740386 cargo 66662 VmHWM=81300 VmPeak=2457380
1779859072.617740386 rustc 82866 VmHWM=756524 VmPeak=1704044
1779859072.723430017 MemAvailable 43156836
1779859072.723430017 cargo 66662 VmHWM=81300 VmPeak=2457380
1779859072.723430017 rustc 82866 VmHWM=804248 VmPeak=1748588
1779859072.826981108 MemAvailable 43150648
1779859072.826981108 cargo 66662 VmHWM=81300 VmPeak=2457380
1779859072.826981108 rustc 82866 VmHWM=827200 VmPeak=1779308
1779859072.928052526 MemAvailable 43119356
1779859072.928052526 cargo 66662 VmHWM=81300 VmPeak=2457380
1779859072.928052526 rustc 82866 VmHWM=858176 VmPeak=1810028
1779859073.030039799 MemAvailable 43097968
1779859073.030039799 cargo 66662 VmHWM=81300 VmPeak=2457380
1779859073.030039799 rustc 82866 VmHWM=881380 VmPeak=1846892
1779859073.134485044 MemAvailable 43084516
1779859073.134485044 cargo 66662 VmHWM=81300 VmPeak=2457380
1779859073.134485044 rustc 82866 VmHWM=895676 VmPeak=1857132
1779859073.238656128 MemAvailable 43088256
1779859073.238656128 cargo 66662 VmHWM=81300 VmPeak=2457380
1779859073.238656128 rustc 82866 VmHWM=910780 VmPeak=1869420
1779859073.340199099 MemAvailable 43097256
1779859073.340199099 cargo 66662 VmHWM=81300 VmPeak=2457380
1779859073.340199099 rustc 82866 VmHWM=945192 VmPeak=1931368
1779859073.442291872 MemAvailable 43043704
1779859073.442291872 cargo 66662 VmHWM=81300 VmPeak=2457380
1779859073.442291872 rustc 82866 VmHWM=1103892 VmPeak=2181376
1779859073.547814292 MemAvailable 43006264
1779859073.547814292 cargo 66662 VmHWM=81300 VmPeak=2457380
1779859073.547814292 rustc 82866 VmHWM=1146372 VmPeak=2321212
1779859073.651991416 MemAvailable 43072612
1779859073.651991416 cargo 66662 VmHWM=81300 VmPeak=2457380
1779859073.755859698 MemAvailable 43726896
1779859073.755859698 cargo 66662 VmHWM=81300 VmPeak=2457380
1779859073.755859698 rustc 83334 VmHWM=249080 VmPeak=1410992
1779859073.755859698 clang 83388 VmHWM=3728 VmPeak=4396
1779859073.862067981 MemAvailable 43719384
1779859073.862067981 cargo 66662 VmHWM=81300 VmPeak=2457380
1779859073.862067981 rustc 83334 VmHWM=249080 VmPeak=1410992
1779859073.862067981 clang 83388 VmHWM=3728 VmPeak=4396
1779859073.979062277 MemAvailable 43900212
